../Core/Src/lesson.c:82:13:LCD_ClearRow	16	static
../Core/Src/lesson.c:89:13:LCD_WriteCustom	16	static
../Core/Src/lesson.c:98:13:MidiToOctaveChar	24	static
../Core/Src/lesson.c:109:13:ResetStepHit	4	static
../Core/Src/lesson.c:117:16:GetCurrentSlotCount	4	static
../Core/Src/lesson.c:129:16:CountMissingSlots	16	static
../Core/Src/lesson.c:145:13:AddMissingSlotsAsCorrect	16	static
../Core/Src/lesson.c:161:13:IsStepComplete	16	static
../Core/Src/lesson.c:177:13:AdvanceOrSummary	8	static
../Core/Src/lesson.c:196:13:LedBlinkGreen	8	static
../Core/Src/lesson.c:204:13:LedBlinkRed	8	static
../Core/Src/lesson.c:217:15:NoteToPitchClass	24	static
../Core/Src/lesson.c:244:6:Lesson_StartSong	16	static
../Core/Src/lesson.c:273:6:Lesson_StartChordExercise	16	static
../Core/Src/lesson.c:302:6:Lesson_IsActive	4	static
../Core/Src/lesson.c:310:13:ShowSummary	128	static
../Core/Src/lesson.c:335:13:EnterSummary	8	static
../Core/Src/lesson.c:343:6:Lesson_HandleInput	40	static
../Core/Src/lesson.c:499:6:Lesson_Update	16	static
../Core/Src/lesson.c:516:13:DisplaySongStep	24	static
../Core/Src/lesson.c:570:13:DisplayChordStep	24	static
