../Core/Src/grove_lcd16x2_i2c.c:33:24:lcd_hal_addr	16	static
../Core/Src/grove_lcd16x2_i2c.c:39:26:lcd_write_cmd	40	static
../Core/Src/grove_lcd16x2_i2c.c:53:26:lcd_write_data	40	static
../Core/Src/grove_lcd16x2_i2c.c:66:19:GroveLCD_Init	32	static
../Core/Src/grove_lcd16x2_i2c.c:107:19:GroveLCD_Clear	24	static
../Core/Src/grove_lcd16x2_i2c.c:114:19:GroveLCD_Home	24	static
../Core/Src/grove_lcd16x2_i2c.c:121:19:GroveLCD_SetCursor	24	static
../Core/Src/grove_lcd16x2_i2c.c:133:19:GroveLCD_WriteChar	16	static
../Core/Src/grove_lcd16x2_i2c.c:138:19:GroveLCD_Print	24	static
../Core/Src/grove_lcd16x2_i2c.c:151:19:GroveLCD_CreateChar	32	static
../Core/Src/grove_lcd16x2_i2c.c:177:19:GroveLCD_DisplayOn	16	static
../Core/Src/grove_lcd16x2_i2c.c:182:19:GroveLCD_DisplayOff	16	static
../Core/Src/grove_lcd16x2_i2c.c:187:19:GroveLCD_CursorOn	16	static
../Core/Src/grove_lcd16x2_i2c.c:192:19:GroveLCD_CursorOff	16	static
../Core/Src/grove_lcd16x2_i2c.c:197:19:GroveLCD_BlinkOn	16	static
../Core/Src/grove_lcd16x2_i2c.c:202:19:GroveLCD_BlinkOff	16	static
