../Core/Src/lesson.c:23:16:Dur_ToIconSlot	16	static
../Core/Src/lesson.c:71:13:LCD_ClearRow	16	static
../Core/Src/lesson.c:90:13:LCD_PrintNotePretty	24	static
../Core/Src/lesson.c:114:16:LCD_NotePrintedWidth	16	static
../Core/Src/lesson.c:125:13:Lesson_DisplayStep	32	static
../Core/Src/lesson.c:177:13:Lesson_DisplaySummary	64	static
../Core/Src/lesson.c:206:6:Lesson_Init	24	static
../Core/Src/lesson.c:232:6:Lesson_Reset	8	static
../Core/Src/lesson.c:249:6:Lesson_OnNoteOn	24	static
../Core/Src/lesson.c:305:6:Lesson_Tick	16	static
