Archive member included to satisfy reference by file (symbol)

D:/STM32CubeIDE_1.17.0/STM32CubeIDE/plugins/com.st.stm32cube.ide.mcu.externaltools.gnu-tools-for-stm32.13.3.rel1.win32_1.0.100.202509120712/tools/bin/../lib/gcc/arm-none-eabi/13.3.1/../../../../arm-none-eabi/lib/thumb/v7e-m+fp/hard\libc_nano.a(libc_a-exit.o)
                              D:/STM32CubeIDE_1.17.0/STM32CubeIDE/plugins/com.st.stm32cube.ide.mcu.externaltools.gnu-tools-for-stm32.13.3.rel1.win32_1.0.100.202509120712/tools/bin/../lib/gcc/arm-none-eabi/13.3.1/../../../../arm-none-eabi/lib/thumb/v7e-m+fp/hard/crt0.o (exit)
D:/STM32CubeIDE_1.17.0/STM32CubeIDE/plugins/com.st.stm32cube.ide.mcu.externaltools.gnu-tools-for-stm32.13.3.rel1.win32_1.0.100.202509120712/tools/bin/../lib/gcc/arm-none-eabi/13.3.1/../../../../arm-none-eabi/lib/thumb/v7e-m+fp/hard\libc_nano.a(libc_a-malloc.o)
                              ./Middlewares/ST/STM32_USB_Host_Library/Class/HID/Src/usbh_hid.o (malloc)
D:/STM32CubeIDE_1.17.0/STM32CubeIDE/plugins/com.st.stm32cube.ide.mcu.externaltools.gnu-tools-for-stm32.13.3.rel1.win32_1.0.100.202509120712/tools/bin/../lib/gcc/arm-none-eabi/13.3.1/../../../../arm-none-eabi/lib/thumb/v7e-m+fp/hard\libc_nano.a(libc_a-mallocr.o)
                              D:/STM32CubeIDE_1.17.0/STM32CubeIDE/plugins/com.st.stm32cube.ide.mcu.externaltools.gnu-tools-for-stm32.13.3.rel1.win32_1.0.100.202509120712/tools/bin/../lib/gcc/arm-none-eabi/13.3.1/../../../../arm-none-eabi/lib/thumb/v7e-m+fp/hard\libc_nano.a(libc_a-malloc.o) (_malloc_r)
D:/STM32CubeIDE_1.17.0/STM32CubeIDE/plugins/com.st.stm32cube.ide.mcu.externaltools.gnu-tools-for-stm32.13.3.rel1.win32_1.0.100.202509120712/tools/bin/../lib/gcc/arm-none-eabi/13.3.1/../../../../arm-none-eabi/lib/thumb/v7e-m+fp/hard\libc_nano.a(libc_a-mlock.o)
                              D:/STM32CubeIDE_1.17.0/STM32CubeIDE/plugins/com.st.stm32cube.ide.mcu.externaltools.gnu-tools-for-stm32.13.3.rel1.win32_1.0.100.202509120712/tools/bin/../lib/gcc/arm-none-eabi/13.3.1/../../../../arm-none-eabi/lib/thumb/v7e-m+fp/hard\libc_nano.a(libc_a-mallocr.o) (__malloc_lock)
D:/STM32CubeIDE_1.17.0/STM32CubeIDE/plugins/com.st.stm32cube.ide.mcu.externaltools.gnu-tools-for-stm32.13.3.rel1.win32_1.0.100.202509120712/tools/bin/../lib/gcc/arm-none-eabi/13.3.1/../../../../arm-none-eabi/lib/thumb/v7e-m+fp/hard\libc_nano.a(libc_a-ctype_.o)
                              ./Core/Src/notes.o (_ctype_)
D:/STM32CubeIDE_1.17.0/STM32CubeIDE/plugins/com.st.stm32cube.ide.mcu.externaltools.gnu-tools-for-stm32.13.3.rel1.win32_1.0.100.202509120712/tools/bin/../lib/gcc/arm-none-eabi/13.3.1/../../../../arm-none-eabi/lib/thumb/v7e-m+fp/hard\libc_nano.a(libc_a-findfp.o)
                              D:/STM32CubeIDE_1.17.0/STM32CubeIDE/plugins/com.st.stm32cube.ide.mcu.externaltools.gnu-tools-for-stm32.13.3.rel1.win32_1.0.100.202509120712/tools/bin/../lib/gcc/arm-none-eabi/13.3.1/../../../../arm-none-eabi/lib/thumb/v7e-m+fp/hard\libc_nano.a(libc_a-exit.o) (__stdio_exit_handler)
D:/STM32CubeIDE_1.17.0/STM32CubeIDE/plugins/com.st.stm32cube.ide.mcu.externaltools.gnu-tools-for-stm32.13.3.rel1.win32_1.0.100.202509120712/tools/bin/../lib/gcc/arm-none-eabi/13.3.1/../../../../arm-none-eabi/lib/thumb/v7e-m+fp/hard\libc_nano.a(libc_a-fwalk.o)
                              D:/STM32CubeIDE_1.17.0/STM32CubeIDE/plugins/com.st.stm32cube.ide.mcu.externaltools.gnu-tools-for-stm32.13.3.rel1.win32_1.0.100.202509120712/tools/bin/../lib/gcc/arm-none-eabi/13.3.1/../../../../arm-none-eabi/lib/thumb/v7e-m+fp/hard\libc_nano.a(libc_a-findfp.o) (_fwalk_sglue)
D:/STM32CubeIDE_1.17.0/STM32CubeIDE/plugins/com.st.stm32cube.ide.mcu.externaltools.gnu-tools-for-stm32.13.3.rel1.win32_1.0.100.202509120712/tools/bin/../lib/gcc/arm-none-eabi/13.3.1/../../../../arm-none-eabi/lib/thumb/v7e-m+fp/hard\libc_nano.a(libc_a-printf.o)
                              ./Core/Src/main.o (printf)
D:/STM32CubeIDE_1.17.0/STM32CubeIDE/plugins/com.st.stm32cube.ide.mcu.externaltools.gnu-tools-for-stm32.13.3.rel1.win32_1.0.100.202509120712/tools/bin/../lib/gcc/arm-none-eabi/13.3.1/../../../../arm-none-eabi/lib/thumb/v7e-m+fp/hard\libc_nano.a(libc_a-puts.o)
                              ./Core/Src/main.o (puts)
D:/STM32CubeIDE_1.17.0/STM32CubeIDE/plugins/com.st.stm32cube.ide.mcu.externaltools.gnu-tools-for-stm32.13.3.rel1.win32_1.0.100.202509120712/tools/bin/../lib/gcc/arm-none-eabi/13.3.1/../../../../arm-none-eabi/lib/thumb/v7e-m+fp/hard\libc_nano.a(libc_a-snprintf.o)
                              ./Core/Src/notes.o (snprintf)
D:/STM32CubeIDE_1.17.0/STM32CubeIDE/plugins/com.st.stm32cube.ide.mcu.externaltools.gnu-tools-for-stm32.13.3.rel1.win32_1.0.100.202509120712/tools/bin/../lib/gcc/arm-none-eabi/13.3.1/../../../../arm-none-eabi/lib/thumb/v7e-m+fp/hard\libc_nano.a(libc_a-stdio.o)
[...]
Memory Configuration

Name             Origin             Length             Attributes
RAM              0x20000000         0x00018000         xrw
RAM2             0x10000000         0x00008000         xrw
FLASH            0x08000000         0x00100000         xr
*default*        0x00000000         0xffffffff

Linker script and memory map

LOAD D:/STM32CubeIDE_1.17.0/STM32CubeIDE/plugins/com.st.stm32cube.ide.mcu.externaltools.gnu-tools-for-stm32.13.3.rel1.win32_1.0.100.202509120712/tools/bin/../lib/gcc/arm-none-eabi/13.3.1/thumb/v7e-m+fp/hard/crti.o
LOAD D:/STM32CubeIDE_1.17.0/STM32CubeIDE/plugins/com.st.stm32cube.ide.mcu.externaltools.gnu-tools-for-stm32.13.3.rel1.win32_1.0.100.202509120712/tools/bin/../lib/gcc/arm-none-eabi/13.3.1/thumb/v7e-m+fp/hard/crtbegin.o
LOAD D:/STM32CubeIDE_1.17.0/STM32CubeIDE/plugins/com.st.stm32cube.ide.mcu.externaltools.gnu-tools-for-stm32.13.3.rel1.win32_1.0.100.202509120712/tools/bin/../lib/gcc/arm-none-eabi/13.3.1/../../../../arm-none-eabi/lib/thumb/v7e-m+fp/hard/crt0.o
LOAD ./Core/Src/app.o
LOAD ./Core/Src/button.o
LOAD ./Core/Src/chords.o
LOAD ./Core/Src/grove_lcd16x2_i2c.o
LOAD ./Core/Src/lesson.o
LOAD ./Core/Src/main.o
LOAD ./Core/Src/notes.o
LOAD ./Core/Src/songs.o
LOAD ./Core/Src/stm32l4xx_hal_msp.o
LOAD ./Core/Src/stm32l4xx_it.o
LOAD ./Core/Src/syscalls.o
LOAD ./Core/Src/sysmem.o
LOAD ./Core/Src/system_stm32l4xx.o
LOAD ./Core/Startup/startup_stm32l476rgtx.o
LOAD ./Drivers/STM32L4xx_HAL_Driver/Src/stm32l4xx_hal.o
LOAD ./Drivers/STM32L4xx_HAL_Driver/Src/stm32l4xx_hal_cortex.o
LOAD ./Drivers/STM32L4xx_HAL_Driver/Src/stm32l4xx_hal_dma.o
LOAD ./Drivers/STM32L4xx_HAL_Driver/Src/stm32l4xx_hal_dma_ex.o
LOAD ./Drivers/STM32L4xx_HAL_Driver/Src/stm32l4xx_hal_exti.o
LOAD ./Drivers/STM32L4xx_HAL_Driver/Src/stm32l4xx_hal_flash.o
LOAD ./Drivers/STM32L4xx_HAL_Driver/Src/stm32l4xx_hal_flash_ex.o
LOAD ./Drivers/STM32L4xx_HAL_Driver/Src/stm32l4xx_hal_flash_ramfunc.o
LOAD ./Drivers/STM32L4xx_HAL_Driver/Src/stm32l4xx_hal_gpio.o
LOAD ./Drivers/STM32L4xx_HAL_Driver/Src/stm32l4xx_hal_hcd.o
LOAD ./Drivers/STM32L4xx_HAL_Driver/Src/stm32l4xx_hal_i2c.o
LOAD ./Drivers/STM32L4xx_HAL_Driver/Src/stm32l4xx_hal_i2c_ex.o
LOAD ./Drivers/STM32L4xx_HAL_Driver/Src/stm32l4xx_hal_pwr.o
LOAD ./Drivers/STM32L4xx_HAL_Driver/Src/stm32l4xx_hal_pwr_ex.o
LOAD ./Drivers/STM32L4xx_HAL_Driver/Src/stm32l4xx_hal_rcc.o
LOAD ./Drivers/STM32L4xx_HAL_Driver/Src/stm32l4xx_hal_rcc_ex.o
LOAD ./Drivers/STM32L4xx_HAL_Driver/Src/stm32l4xx_ll_usb.o
LOAD ./Middlewares/ST/STM32_USB_Host_Library/Class/HID/Src/usbh_hid.o
LOAD ./Middlewares/ST/STM32_USB_Host_Library/Class/HID/Src/usbh_hid_keybd.o
LOAD ./Middlewares/ST/STM32_USB_Host_Library/Class/HID/Src/usbh_hid_mouse.o
LOAD ./Middlewares/ST/STM32_USB_Host_Library/Class/HID/Src/usbh_hid_parser.o
LOAD ./Middlewares/ST/STM32_USB_Host_Library/Class/MIDI/Src/usbh_midi.o
LOAD ./Middlewares/ST/STM32_USB_Host_Library/Core/Src/usbh_core.o
LOAD ./Middlewares/ST/STM32_USB_Host_Library/Core/Src/usbh_ctlreq.o
LOAD ./Middlewares/ST/STM32_USB_Host_Library/Core/Src/usbh_ioreq.o
LOAD ./Middlewares/ST/STM32_USB_Host_Library/Core/Src/usbh_pipes.o
LOAD ./USB_HOST/App/usb_host.o
LOAD ./USB_HOST/Target/usbh_conf.o
START GROUP
LOAD D:/STM32CubeIDE_1.17.0/STM32CubeIDE/plugins/com.st.stm32cube.ide.mcu.externaltools.gnu-tools-for-stm32.13.3.rel1.win32_1.0.100.202509120712/tools/bin/../lib/gcc/arm-none-eabi/13.3.1/../../../../arm-none-eabi/lib/thumb/v7e-m+fp/hard\libc_nano.a
LOAD D:/STM32CubeIDE_1.17.0/STM32CubeIDE/plugins/com.st.stm32cube.ide.mcu.externaltools.gnu-tools-for-stm32.13.3.rel1.win32_1.0.100.202509120712/tools/bin/../lib/gcc/arm-none-eabi/13.3.1/../../../../arm-none-eabi/lib/thumb/v7e-m+fp/hard\libm.a
END GROUP
START GROUP
LOAD D:/STM32CubeIDE_1.17.0/STM32CubeIDE/plugins/com.st.stm32cube.ide.mcu.externaltools.gnu-tools-for-stm32.13.3.rel1.win32_1.0.100.202509120712/tools/bin/../lib/gcc/arm-none-eabi/13.3.1/thumb/v7e-m+fp/hard\libgcc.a
LOAD D:/STM32CubeIDE_1.17.0/STM32CubeIDE/plugins/com.st.stm32cube.ide.mcu.externaltools.gnu-tools-for-stm32.13.3.rel1.win32_1.0.100.202509120712/tools/bin/../lib/gcc/arm-none-eabi/13.3.1/../../../../arm-none-eabi/lib/thumb/v7e-m+fp/hard\libc_nano.a
END GROUP
START GROUP
LOAD D:/STM32CubeIDE_1.17.0/STM32CubeIDE/plugins/com.st.stm32cube.ide.mcu.externaltools.gnu-tools-for-stm32.13.3.rel1.win32_1.0.100.202509120712/tools/bin/../lib/gcc/arm-none-eabi/13.3.1/thumb/v7e-m+fp/hard\libgcc.a
LOAD D:/STM32CubeIDE_1.17.0/STM32CubeIDE/plugins/com.st.stm32cube.ide.mcu.externaltools.gnu-tools-for-stm32.13.3.rel1.win32_1.0.100.202509120712/tools/bin/../lib/gcc/arm-none-eabi/13.3.1/../../../../arm-none-eabi/lib/thumb/v7e-m+fp/hard\libc_nano.a
LOAD D:/STM32CubeIDE_1.17.0/STM32CubeIDE/plugins/com.st.stm32cube.ide.mcu.externaltools.gnu-tools-for-stm32.13.3.rel1.win32_1.0.100.202509120712/tools/bin/../lib/gcc/arm-none-eabi/13.3.1/../../../../arm-none-eabi/lib/thumb/v7e-m+fp/hard\libnosys.a
END GROUP
START GROUP
LOAD D:/STM32CubeIDE_1.17.0/STM32CubeIDE/plugins/com.st.stm32cube.ide.mcu.externaltools.gnu-tools-for-stm32.13.3.rel1.win32_1.0.100.202509120712/tools/bin/../lib/gcc/arm-none-eabi/13.3.1/thumb/v7e-m+fp/hard\libgcc.a
LOAD D:/STM32CubeIDE_1.17.0/STM32CubeIDE/plugins/com.st.stm32cube.ide.mcu.externaltools.gnu-tools-for-stm32.13.3.rel1.win32_1.0.100.202509120712/tools/bin/../lib/gcc/arm-none-eabi/13.3.1/../../../../arm-none-eabi/lib/thumb/v7e-m+fp/hard\libc_nano.a
LOAD D:/STM32CubeIDE_1.17.0/STM32CubeIDE/plugins/com.st.stm32cube.ide.mcu.externaltools.gnu-tools-for-stm32.13.3.rel1.win32_1.0.100.202509120712/tools/bin/../lib/gcc/arm-none-eabi/13.3.1/../../../../arm-none-eabi/lib/thumb/v7e-m+fp/hard\libnosys.a
END GROUP
LOAD D:/STM32CubeIDE_1.17.0/STM32CubeIDE/plugins/com.st.stm32cube.ide.mcu.externaltools.gnu-tools-for-stm32.13.3.rel1.win32_1.0.100.202509120712/tools/bin/../lib/gcc/arm-none-eabi/13.3.1/thumb/v7e-m+fp/hard/crtend.o
LOAD D:/STM32CubeIDE_1.17.0/STM32CubeIDE/plugins/com.st.stm32cube.ide.mcu.externaltools.gnu-tools-for-stm32.13.3.rel1.win32_1.0.100.202509120712/tools/bin/../lib/gcc/arm-none-eabi/13.3.1/thumb/v7e-m+fp/hard/crtn.o
                0x20018000                        _estack = (ORIGIN (RAM) + LENGTH (RAM))
                0x00000200                        _Min_Heap_Size = 0x200
                0x00000400                        _Min_Stack_Size = 0x400

.isr_vector     0x08000000      0x188
                0x08000000                        . = ALIGN (0x4)
 *(.isr_vector)
 .isr_vector    0x08000000      0x188 ./Core/Startup/startup_stm32l476rgtx.o
                0x08000000                g_pfnVectors
                0x08000188                        . = ALIGN (0x4)

.text           0x08000190     0x9a1c
                0x08000190                        . = ALIGN (0x4)
 *(.text)
 .text          0x08000190       0x40 D:/STM32CubeIDE_1.17.0/STM32CubeIDE/plugins/com.st.stm32cube.ide.mcu.externaltools.gnu-tools-for-stm32.13.3.rel1.win32_1.0.100.202509120712/tools/bin/../lib/gcc/arm-none-eabi/13.3.1/thumb/v7e-m+fp/hard/crtbegin.o
 .text          0x080001d0       0xa0 D:/STM32CubeIDE_1.17.0/STM32CubeIDE/plugins/com.st.stm32cube.ide.mcu.externaltools.gnu-tools-for-stm32.13.3.rel1.win32_1.0.100.202509120712/tools/bin/../lib/gcc/arm-none-eabi/13.3.1/../../../../arm-none-eabi/lib/thumb/v7e-m+fp/hard\libc_nano.a(libc_a-memchr.o)
                0x080001d0                memchr
 *(.text*)
 .text.LCD_ClearRow
                0x08000270       0x30 ./Core/Src/app.o
 .text.LCD_WriteCustom
                0x080002a0       0x20 ./Core/Src/app.o
 .text.App_Init
                0x080002c0       0x1c ./Core/Src/app.o
                0x080002c0                App_Init
 .text.App_Update
                0x080002dc      0x294 ./Core/Src/app.o
                0x080002dc                App_Update
 .text.DisplayWelcomeScreen
                0x08000570       0x4c ./Core/Src/app.o
 .text.DisplayMainMenu
                0x080005bc       0x90 ./Core/Src/app.o
 .text.DisplayNotesLegend
                0x0800064c       0x80 ./Core/Src/app.o
 .text.DisplaySongsList
                0x080006cc       0x88 ./Core/Src/app.o
 .text.DisplayChordPacksList
                0x08000754       0x88 ./Core/Src/app.o
 .text.read_raw
                0x080007dc       0x6c ./Core/Src/button.o
 .text.Button_Init
                0x08000848      0x110 ./Core/Src/button.o
                0x08000848                Button_Init
 .text.Button_Update
                0x08000958       0xf0 ./Core/Src/button.o
                0x08000958                Button_Update
 .text.Button_WasPressed
                0x08000a48       0x54 ./Core/Src/button.o
                0x08000a48                Button_WasPressed
 .text.lcd_hal_addr
                0x08000a9c       0x1c ./Core/Src/grove_lcd16x2_i2c.o
 .text.lcd_write_cmd
                0x08000ab8       0x3c ./Core/Src/grove_lcd16x2_i2c.o
 .text.lcd_write_data
                0x08000af4       0x3c ./Core/Src/grove_lcd16x2_i2c.o
 .text.GroveLCD_Init
                0x08000b30       0xcc ./Core/Src/grove_lcd16x2_i2c.o
                0x08000b30                GroveLCD_Init
 .text.GroveLCD_Clear
                0x08000bfc       0x24 ./Core/Src/grove_lcd16x2_i2c.o
                0x08000bfc                GroveLCD_Clear
 .text.GroveLCD_SetCursor
                0x08000c20       0x46 ./Core/Src/grove_lcd16x2_i2c.o
                0x08000c20                GroveLCD_SetCursor
 .text.GroveLCD_WriteChar
                0x08000c66       0x20 ./Core/Src/grove_lcd16x2_i2c.o
                0x08000c66                GroveLCD_WriteChar
 .text.GroveLCD_Print
                0x08000c86       0x50 ./Core/Src/grove_lcd16x2_i2c.o
                0x08000c86                GroveLCD_Print
 .text.GroveLCD_CreateChar
                0x08000cd6       0xaa ./Core/Src/grove_lcd16x2_i2c.o
                0x08000cd6                GroveLCD_CreateChar
 .text.LCD_ClearRow
                0x08000d80       0x30 ./Core/Src/lesson.o
 .text.LCD_WriteCustom
                0x08000db0       0x20 ./Core/Src/lesson.o
 .text.MidiToOctaveChar
                0x08000dd0       0x54 ./Core/Src/lesson.o
 .text.Lesson_StartSong
                0x08000e24       0x78 ./Core/Src/lesson.o
                0x08000e24                Lesson_StartSong
 .text.Lesson_StartChordExercise
                0x08000e9c       0x78 ./Core/Src/lesson.o
                0x08000e9c                Lesson_StartChordExercise
 .text.Lesson_IsActive
                0x08000f14       0x18 ./Core/Src/lesson.o
                0x08000f14                Lesson_IsActive
 .text.Lesson_HandleInput
                0x08000f2c      0x1e0 ./Core/Src/lesson.o
                0x08000f2c                Lesson_HandleInput
 .text.DisplaySongStep
                0x0800110c      0x150 ./Core/Src/lesson.o
 .text.DisplayChordStep
                0x0800125c       0xbc ./Core/Src/lesson.o
 .text.ITM_SendChar
                0x08001318       0x4e ./Core/Src/main.o
 *fill*         0x08001366        0x2 
 .text.main     0x08001368      0x164 ./Core/Src/main.o
                0x08001368                main
 .text.SystemClock_Config
                0x080014cc       0xc4 ./Core/Src/main.o
                0x080014cc                SystemClock_Config
 .text.MX_I2C1_Init
                0x08001590       0x80 ./Core/Src/main.o
 .text.MX_GPIO_Init
                0x08001610       0xe4 ./Core/Src/main.o
 .text.__io_putchar
                0x080016f4       0x1a ./Core/Src/main.o
                0x080016f4                __io_putchar
 .text.Error_Handler
                0x0800170e        0xc ./Core/Src/main.o
                0x0800170e                Error_Handler
 *fill*         0x0800171a        0x2 
 .text.HAL_MspInit
                0x0800171c       0x48 ./Core/Src/stm32l4xx_hal_msp.o
                0x0800171c                HAL_MspInit
 .text.HAL_I2C_MspInit
                0x08001764       0xbc ./Core/Src/stm32l4xx_hal_msp.o
                0x08001764                HAL_I2C_MspInit
 .text.NMI_Handler
                0x08001820        0x8 ./Core/Src/stm32l4xx_it.o
                0x08001820                NMI_Handler
 .text.HardFault_Handler
                0x08001828        0x8 ./Core/Src/stm32l4xx_it.o
                0x08001828                HardFault_Handler
 .text.MemManage_Handler
                0x08001830        0x8 ./Core/Src/stm32l4xx_it.o
                0x08001830                MemManage_Handler
 .text.BusFault_Handler
                0x08001838        0x8 ./Core/Src/stm32l4xx_it.o
                0x08001838                BusFault_Handler
 .text.UsageFault_Handler
                0x08001840        0x8 ./Core/Src/stm32l4xx_it.o
                0x08001840                UsageFault_Handler
 .text.SVC_Handler
                0x08001848        0xe ./Core/Src/stm32l4xx_it.o
                0x08001848                SVC_Handler
 .text.DebugMon_Handler
                0x08001856        0xe ./Core/Src/stm32l4xx_it.o
                0x08001856                DebugMon_Handler
 .text.PendSV_Handler
                0x08001864        0xe ./Core/Src/stm32l4xx_it.o
                0x08001864                PendSV_Handler
 .text.SysTick_Handler
                0x08001872        0xc ./Core/Src/stm32l4xx_it.o
                0x08001872                SysTick_Handler
 *fill*         0x0800187e        0x2 
 .text.OTG_FS_IRQHandler
                0x08001880       0x14 ./Core/Src/stm32l4xx_it.o
                0x08001880                OTG_FS_IRQHandler
 .text._read    0x08001894       0x3a ./Core/Src/syscalls.o
                0x08001894                _read
 .text._write   0x080018ce       0x38 ./Core/Src/syscalls.o
                0x080018ce                _write
 .text._close   0x08001906       0x18 ./Core/Src/syscalls.o
                0x08001906                _close
 .text._fstat   0x0800191e       0x20 ./Core/Src/syscalls.o
                0x0800191e                _fstat
 .text._isatty  0x0800193e       0x16 ./Core/Src/syscalls.o
                0x0800193e                _isatty
 .text._lseek   0x08001954       0x1a ./Core/Src/syscalls.o
                0x08001954                _lseek
 *fill*         0x0800196e        0x2 
 .text._sbrk    0x08001970       0x6c ./Core/Src/sysmem.o
                0x08001970                _sbrk
 .text.SystemInit
                0x080019dc       0x24 ./Core/Src/system_stm32l4xx.o
                0x080019dc                SystemInit
 .text.Reset_Handler
                0x08001a00       0x50 ./Core/Startup/startup_stm32l476rgtx.o
                0x08001a00                Reset_Handler
 .text.Default_Handler
                0x08001a50        0x2 ./Core/Startup/startup_stm32l476rgtx.o
                0x08001a50                RTC_Alarm_IRQHandler
                0x08001a50                EXTI2_IRQHandler
                0x08001a50                TIM8_TRG_COM_IRQHandler
                0x08001a50                TIM8_CC_IRQHandler
                0x08001a50                TIM1_CC_IRQHandler
                0x08001a50                TSC_IRQHandler
                0x08001a50                TAMP_STAMP_IRQHandler
                0x08001a50                EXTI3_IRQHandler
                0x08001a50                LPTIM2_IRQHandler
                0x08001a50                DFSDM1_FLT1_IRQHandler
                0x08001a50                I2C3_ER_IRQHandler
                0x08001a50                DFSDM1_FLT2_IRQHandler
                0x08001a50                EXTI0_IRQHandler
                0x08001a50                I2C2_EV_IRQHandler
                0x08001a50                CAN1_RX0_IRQHandler
                0x08001a50                FPU_IRQHandler
                0x08001a50                TIM1_UP_TIM16_IRQHandler
                0x08001a50                ADC1_2_IRQHandler
                0x08001a50                SPI1_IRQHandler
                0x08001a50                TIM6_DAC_IRQHandler
                0x08001a50                TIM8_UP_IRQHandler
                0x08001a50                DMA2_Channel2_IRQHandler
                0x08001a50                DMA1_Channel4_IRQHandler
                0x08001a50                SAI2_IRQHandler
                0x08001a50                DFSDM1_FLT3_IRQHandler
                0x08001a50                USART3_IRQHandler
                0x08001a50                DMA1_Channel7_IRQHandler
                0x08001a50                CAN1_RX1_IRQHandler
                0x08001a50                LCD_IRQHandler
                0x08001a50                UART5_IRQHandler
                0x08001a50                ADC3_IRQHandler
                0x08001a50                TIM4_IRQHandler
                0x08001a50                DMA2_Channel1_IRQHandler
                0x08001a50                QUADSPI_IRQHandler
                0x08001a50                I2C1_EV_IRQHandler
                0x08001a50                DMA1_Channel6_IRQHandler
                0x08001a50                UART4_IRQHandler
                0x08001a50                DMA2_Channel4_IRQHandler
                0x08001a50                TIM3_IRQHandler
                0x08001a50                RCC_IRQHandler
                0x08001a50                DMA1_Channel1_IRQHandler
                0x08001a50                Default_Handler
                0x08001a50                DMA2_Channel7_IRQHandler
                0x08001a50                EXTI15_10_IRQHandler
                0x08001a50                TIM7_IRQHandler
                0x08001a50                SDMMC1_IRQHandler
                0x08001a50                TIM5_IRQHandler
                0x08001a50                I2C3_EV_IRQHandler
                0x08001a50                EXTI9_5_IRQHandler
                0x08001a50                RTC_WKUP_IRQHandler
                0x08001a50                PVD_PVM_IRQHandler
                0x08001a50                SPI2_IRQHandler
                0x08001a50                CAN1_TX_IRQHandler
                0x08001a50                DMA2_Channel5_IRQHandler
                0x08001a50                DMA1_Channel5_IRQHandler
                0x08001a50                EXTI4_IRQHandler
                0x08001a50                RNG_IRQHandler
                0x08001a50                TIM1_TRG_COM_TIM17_IRQHandler
                0x08001a50                DMA1_Channel3_IRQHandler
                0x08001a50                COMP_IRQHandler
                0x08001a50                WWDG_IRQHandler
                0x08001a50                LPUART1_IRQHandler
                0x08001a50                DMA2_Channel6_IRQHandler
                0x08001a50                TIM2_IRQHandler
                0x08001a50                EXTI1_IRQHandler
                0x08001a50                USART2_IRQHandler
                0x08001a50                DFSDM1_FLT0_IRQHandler
                0x08001a50                I2C2_ER_IRQHandler
                0x08001a50                DMA1_Channel2_IRQHandler
                0x08001a50                TIM8_BRK_IRQHandler
                0x08001a50                CAN1_SCE_IRQHandler
                0x08001a50                FLASH_IRQHandler
                0x08001a50                USART1_IRQHandler
                0x08001a50                SPI3_IRQHandler
                0x08001a50                I2C1_ER_IRQHandler
                0x08001a50                FMC_IRQHandler
                0x08001a50                SWPMI1_IRQHandler
                0x08001a50                LPTIM1_IRQHandler
                0x08001a50                SAI1_IRQHandler
                0x08001a50                DMA2_Channel3_IRQHandler
                0x08001a50                TIM1_BRK_TIM15_IRQHandler
 *fill*         0x08001a52        0x2 
 .text.HAL_Init
                0x08001a54       0x40 ./Drivers/STM32L4xx_HAL_Driver/Src/stm32l4xx_hal.o
                0x08001a54                HAL_Init
 .text.HAL_InitTick
                0x08001a94       0x78 ./Drivers/STM32L4xx_HAL_Driver/Src/stm32l4xx_hal.o
                0x08001a94                HAL_InitTick
 .text.HAL_IncTick
                0x08001b0c       0x28 ./Drivers/STM32L4xx_HAL_Driver/Src/stm32l4xx_hal.o
                0x08001b0c                HAL_IncTick
 .text.HAL_GetTick
                0x08001b34       0x18 ./Drivers/STM32L4xx_HAL_Driver/Src/stm32l4xx_hal.o
                0x08001b34                HAL_GetTick
 .text.HAL_Delay
                0x08001b4c       0x48 ./Drivers/STM32L4xx_HAL_Driver/Src/stm32l4xx_hal.o
                0x08001b4c                HAL_Delay
 .text.__NVIC_SetPriorityGrouping
                0x08001b94       0x48 ./Drivers/STM32L4xx_HAL_Driver/Src/stm32l4xx_hal_cortex.o
 .text.__NVIC_GetPriorityGrouping
                0x08001bdc       0x1c ./Drivers/STM32L4xx_HAL_Driver/Src/stm32l4xx_hal_cortex.o
 .text.__NVIC_EnableIRQ
                0x08001bf8       0x3c ./Drivers/STM32L4xx_HAL_Driver/Src/stm32l4xx_hal_cortex.o
 .text.__NVIC_SetPriority
                0x08001c34       0x54 ./Drivers/STM32L4xx_HAL_Driver/Src/stm32l4xx_hal_cortex.o
 .text.NVIC_EncodePriority
                0x08001c88       0x66 ./Drivers/STM32L4xx_HAL_Driver/Src/stm32l4xx_hal_cortex.o
 *fill*         0x08001cee        0x2 
 .text.SysTick_Config
                0x08001cf0       0x44 ./Drivers/STM32L4xx_HAL_Driver/Src/stm32l4xx_hal_cortex.o
 .text.HAL_NVIC_SetPriorityGrouping
                0x08001d34       0x16 ./Drivers/STM32L4xx_HAL_Driver/Src/stm32l4xx_hal_cortex.o
                0x08001d34                HAL_NVIC_SetPriorityGrouping
 .text.HAL_NVIC_SetPriority
                0x08001d4a       0x38 ./Drivers/STM32L4xx_HAL_Driver/Src/stm32l4xx_hal_cortex.o
                0x08001d4a                HAL_NVIC_SetPriority
 .text.HAL_NVIC_EnableIRQ
                0x08001d82       0x1c ./Drivers/STM32L4xx_HAL_Driver/Src/stm32l4xx_hal_cortex.o
                0x08001d82                HAL_NVIC_EnableIRQ
 .text.HAL_SYSTICK_Config
                0x08001d9e       0x18 ./Drivers/STM32L4xx_HAL_Driver/Src/stm32l4xx_hal_cortex.o
                0x08001d9e                HAL_SYSTICK_Config
 *fill*         0x08001db6        0x2 
 .text.HAL_GPIO_Init
                0x08001db8      0x354 ./Drivers/STM32L4xx_HAL_Driver/Src/stm32l4xx_hal_gpio.o
                0x08001db8                HAL_GPIO_Init
 .text.HAL_GPIO_ReadPin
                0x0800210c       0x30 ./Drivers/STM32L4xx_HAL_Driver/Src/stm32l4xx_hal_gpio.o
                0x0800210c                HAL_GPIO_ReadPin
 .text.HAL_GPIO_WritePin
                0x0800213c       0x30 ./Drivers/STM32L4xx_HAL_Driver/Src/stm32l4xx_hal_gpio.o
                0x0800213c                HAL_GPIO_WritePin
 .text.HAL_HCD_Init
                0x0800216c       0xc0 ./Drivers/STM32L4xx_HAL_Driver/Src/stm32l4xx_hal_hcd.o
                0x0800216c                HAL_HCD_Init
 .text.HAL_HCD_HC_Init
                0x0800222c      0x132 ./Drivers/STM32L4xx_HAL_Driver/Src/stm32l4xx_hal_hcd.o
                0x0800222c                HAL_HCD_HC_Init
 .text.HAL_HCD_HC_Halt
                0x0800235e       0x46 ./Drivers/STM32L4xx_HAL_Driver/Src/stm32l4xx_hal_hcd.o
                0x0800235e                HAL_HCD_HC_Halt
 .text.HAL_HCD_HC_SubmitRequest
                0x080023a4      0x2a8 ./Drivers/STM32L4xx_HAL_Driver/Src/stm32l4xx_hal_hcd.o
                0x080023a4                HAL_HCD_HC_SubmitRequest
 .text.HAL_HCD_IRQHandler
                0x0800264c      0x220 ./Drivers/STM32L4xx_HAL_Driver/Src/stm32l4xx_hal_hcd.o
                0x0800264c                HAL_HCD_IRQHandler
 .text.HAL_HCD_Start
                0x0800286c       0x46 ./Drivers/STM32L4xx_HAL_Driver/Src/stm32l4xx_hal_hcd.o
                0x0800286c                HAL_HCD_Start
 .text.HAL_HCD_Stop
                0x080028b2       0x3a ./Drivers/STM32L4xx_HAL_Driver/Src/stm32l4xx_hal_hcd.o
                0x080028b2                HAL_HCD_Stop
 .text.HAL_HCD_ResetPort
                0x080028ec       0x1c ./Drivers/STM32L4xx_HAL_Driver/Src/stm32l4xx_hal_hcd.o
                0x080028ec                HAL_HCD_ResetPort
 .text.HAL_HCD_HC_GetURBState
                0x08002908       0x28 ./Drivers/STM32L4xx_HAL_Driver/Src/stm32l4xx_hal_hcd.o
                0x08002908                HAL_HCD_HC_GetURBState
 .text.HAL_HCD_HC_GetXferCount
                0x08002930       0x28 ./Drivers/STM32L4xx_HAL_Driver/Src/stm32l4xx_hal_hcd.o
                0x08002930                HAL_HCD_HC_GetXferCount
 .text.HAL_HCD_GetCurrentFrame
                0x08002958       0x1c ./Drivers/STM32L4xx_HAL_Driver/Src/stm32l4xx_hal_hcd.o
                0x08002958                HAL_HCD_GetCurrentFrame
 .text.HAL_HCD_GetCurrentSpeed
                0x08002974       0x1c ./Drivers/STM32L4xx_HAL_Driver/Src/stm32l4xx_hal_hcd.o
                0x08002974                HAL_HCD_GetCurrentSpeed
 .text.HAL_HCD_HC_ClearHubInfo
                0x08002990       0x3e ./Drivers/STM32L4xx_HAL_Driver/Src/stm32l4xx_hal_hcd.o
                0x08002990                HAL_HCD_HC_ClearHubInfo
 .text.HCD_HC_IN_IRQHandler
                0x080029ce      0x82c ./Drivers/STM32L4xx_HAL_Driver/Src/stm32l4xx_hal_hcd.o
 .text.HCD_HC_OUT_IRQHandler
                0x080031fa      0x548 ./Drivers/STM32L4xx_HAL_Driver/Src/stm32l4xx_hal_hcd.o
 .text.HCD_RXQLVL_IRQHandler
                0x08003742      0x1a4 ./Drivers/STM32L4xx_HAL_Driver/Src/stm32l4xx_hal_hcd.o
 .text.HCD_Port_IRQHandler
                0x080038e6       0xe6 ./Drivers/STM32L4xx_HAL_Driver/Src/stm32l4xx_hal_hcd.o
 .text.HAL_I2C_Init
                0x080039cc      0x136 ./Drivers/STM32L4xx_HAL_Driver/Src/stm32l4xx_hal_i2c.o
                0x080039cc                HAL_I2C_Init
 *fill*         0x08003b02        0x2 
 .text.HAL_I2C_Mem_Write
                0x08003b04      0x228 ./Drivers/STM32L4xx_HAL_Driver/Src/stm32l4xx_hal_i2c.o
                0x08003b04                HAL_I2C_Mem_Write
 .text.I2C_RequestMemoryWrite
                0x08003d2c       0xa8 ./Drivers/STM32L4xx_HAL_Driver/Src/stm32l4xx_hal_i2c.o
 .text.I2C_Flush_TXDR
                0x08003dd4       0x48 ./Drivers/STM32L4xx_HAL_Driver/Src/stm32l4xx_hal_i2c.o
 .text.I2C_WaitOnFlagUntilTimeout
                0x08003e1c       0xb2 ./Drivers/STM32L4xx_HAL_Driver/Src/stm32l4xx_hal_i2c.o
 .text.I2C_WaitOnTXISFlagUntilTimeout
                0x08003ece       0x8e ./Drivers/STM32L4xx_HAL_Driver/Src/stm32l4xx_hal_i2c.o
 .text.I2C_WaitOnSTOPFlagUntilTimeout
                0x08003f5c       0x86 ./Drivers/STM32L4xx_HAL_Driver/Src/stm32l4xx_hal_i2c.o
 *fill*         0x08003fe2        0x2 
 .text.I2C_IsErrorOccurred
                0x08003fe4      0x1c0 ./Drivers/STM32L4xx_HAL_Driver/Src/stm32l4xx_hal_i2c.o
 .text.I2C_TransferConfig
                0x080041a4       0x64 ./Drivers/STM32L4xx_HAL_Driver/Src/stm32l4xx_hal_i2c.o
 .text.HAL_I2CEx_ConfigAnalogFilter
                0x08004208       0x96 ./Drivers/STM32L4xx_HAL_Driver/Src/stm32l4xx_hal_i2c_ex.o
                0x08004208                HAL_I2CEx_ConfigAnalogFilter
 .text.HAL_I2CEx_ConfigDigitalFilter
                0x0800429e       0x98 ./Drivers/STM32L4xx_HAL_Driver/Src/stm32l4xx_hal_i2c_ex.o
                0x0800429e                HAL_I2CEx_ConfigDigitalFilter
 *fill*         0x08004336        0x2 
 .text.HAL_PWR_EnableBkUpAccess
                0x08004338       0x20 ./Drivers/STM32L4xx_HAL_Driver/Src/stm32l4xx_hal_pwr.o
                0x08004338                HAL_PWR_EnableBkUpAccess
 .text.HAL_PWREx_GetVoltageRange
                0x08004358       0x1c ./Drivers/STM32L4xx_HAL_Driver/Src/stm32l4xx_hal_pwr_ex.o
                0x08004358                HAL_PWREx_GetVoltageRange
 .text.HAL_PWREx_ControlVoltageScaling
                0x08004374       0xac ./Drivers/STM32L4xx_HAL_Driver/Src/stm32l4xx_hal_pwr_ex.o
                0x08004374                HAL_PWREx_ControlVoltageScaling
 .text.HAL_PWREx_EnableVddUSB
                0x08004420       0x20 ./Drivers/STM32L4xx_HAL_Driver/Src/stm32l4xx_hal_pwr_ex.o
                0x08004420                HAL_PWREx_EnableVddUSB
 .text.HAL_RCC_OscConfig
                0x08004440      0x7b8 ./Drivers/STM32L4xx_HAL_Driver/Src/stm32l4xx_hal_rcc.o
                0x08004440                HAL_RCC_OscConfig
 .text.HAL_RCC_ClockConfig
                0x08004bf8      0x200 ./Drivers/STM32L4xx_HAL_Driver/Src/stm32l4xx_hal_rcc.o
                0x08004bf8                HAL_RCC_ClockConfig
 .text.HAL_RCC_GetSysClockFreq
                0x08004df8      0x118 ./Drivers/STM32L4xx_HAL_Driver/Src/stm32l4xx_hal_rcc.o
                0x08004df8                HAL_RCC_GetSysClockFreq
 .text.RCC_SetFlashLatencyFromMSIRange
                0x08004f10       0xc0 ./Drivers/STM32L4xx_HAL_Driver/Src/stm32l4xx_hal_rcc.o
 .text.HAL_RCCEx_PeriphCLKConfig
                0x08004fd0      0x5d4 ./Drivers/STM32L4xx_HAL_Driver/Src/stm32l4xx_hal_rcc_ex.o
                0x08004fd0                HAL_RCCEx_PeriphCLKConfig
 .text.HAL_RCCEx_EnableMSIPLLMode
                0x080055a4       0x20 ./Drivers/STM32L4xx_HAL_Driver/Src/stm32l4xx_hal_rcc_ex.o
                0x080055a4                HAL_RCCEx_EnableMSIPLLMode
 .text.RCCEx_PLLSAI1_Config
                0x080055c4      0x1e8 ./Drivers/STM32L4xx_HAL_Driver/Src/stm32l4xx_hal_rcc_ex.o
 .text.RCCEx_PLLSAI2_Config
                0x080057ac      0x1bc ./Drivers/STM32L4xx_HAL_Driver/Src/stm32l4xx_hal_rcc_ex.o
 .text.USB_CoreInit
                0x08005968       0x5a ./Drivers/STM32L4xx_HAL_Driver/Src/stm32l4xx_ll_usb.o
                0x08005968                USB_CoreInit
 .text.USB_EnableGlobalInt
                0x080059c2       0x22 ./Drivers/STM32L4xx_HAL_Driver/Src/stm32l4xx_ll_usb.o
                0x080059c2                USB_EnableGlobalInt
 .text.USB_DisableGlobalInt
                0x080059e4       0x22 ./Drivers/STM32L4xx_HAL_Driver/Src/stm32l4xx_ll_usb.o
                0x080059e4                USB_DisableGlobalInt
 .text.USB_SetCurrentMode
                0x08005a06       0x98 ./Drivers/STM32L4xx_HAL_Driver/Src/stm32l4xx_ll_usb.o
                0x08005a06                USB_SetCurrentMode
 .text.USB_FlushTxFifo
                0x08005a9e       0x64 ./Drivers/STM32L4xx_HAL_Driver/Src/stm32l4xx_ll_usb.o
                0x08005a9e                USB_FlushTxFifo
 .text.USB_FlushRxFifo
                0x08005b02       0x5c ./Drivers/STM32L4xx_HAL_Driver/Src/stm32l4xx_ll_usb.o
                0x08005b02                USB_FlushRxFifo
 .text.USB_WritePacket
                0x08005b5e       0x74 ./Drivers/STM32L4xx_HAL_Driver/Src/stm32l4xx_ll_usb.o
                0x08005b5e                USB_WritePacket
 .text.USB_ReadPacket
                0x08005bd2       0xb0 ./Drivers/STM32L4xx_HAL_Driver/Src/stm32l4xx_ll_usb.o
                0x08005bd2                USB_ReadPacket
 .text.USB_ReadInterrupts
                0x08005c82       0x26 ./Drivers/STM32L4xx_HAL_Driver/Src/stm32l4xx_ll_usb.o
                0x08005c82                USB_ReadInterrupts
 .text.USB_ReadChInterrupts
                0x08005ca8       0x42 ./Drivers/STM32L4xx_HAL_Driver/Src/stm32l4xx_ll_usb.o
                0x08005ca8                USB_ReadChInterrupts
 .text.USB_GetMode
                0x08005cea       0x1c ./Drivers/STM32L4xx_HAL_Driver/Src/stm32l4xx_ll_usb.o
                0x08005cea                USB_GetMode
 .text.USB_CoreReset
                0x08005d06       0x70 ./Drivers/STM32L4xx_HAL_Driver/Src/stm32l4xx_ll_usb.o
 *fill*         0x08005d76        0x2 
 .text.USB_HostInit
                0x08005d78      0x108 ./Drivers/STM32L4xx_HAL_Driver/Src/stm32l4xx_ll_usb.o
                0x08005d78                USB_HostInit
 .text.USB_InitFSLSPClkSel
                0x08005e80       0x7a ./Drivers/STM32L4xx_HAL_Driver/Src/stm32l4xx_ll_usb.o
                0x08005e80                USB_InitFSLSPClkSel
 .text.USB_ResetPort
                0x08005efa       0x54 ./Drivers/STM32L4xx_HAL_Driver/Src/stm32l4xx_ll_usb.o
                0x08005efa                USB_ResetPort
 .text.USB_DriveVbus
                0x08005f4e       0x72 ./Drivers/STM32L4xx_HAL_Driver/Src/stm32l4xx_ll_usb.o
                0x08005f4e                USB_DriveVbus
 .text.USB_GetHostSpeed
                0x08005fc0       0x2e ./Drivers/STM32L4xx_HAL_Driver/Src/stm32l4xx_ll_usb.o
                0x08005fc0                USB_GetHostSpeed
 .text.USB_GetCurrentFrame
                0x08005fee       0x22 ./Drivers/STM32L4xx_HAL_Driver/Src/stm32l4xx_ll_usb.o
                0x08005fee                USB_GetCurrentFrame
 .text.USB_HC_Init
                0x08006010      0x218 ./Drivers/STM32L4xx_HAL_Driver/Src/stm32l4xx_ll_usb.o
                0x08006010                USB_HC_Init
 .text.USB_HC_StartXfer
                0x08006228      0x1f0 ./Drivers/STM32L4xx_HAL_Driver/Src/stm32l4xx_ll_usb.o
                0x08006228                USB_HC_StartXfer
 .text.USB_HC_ReadInterrupt
                0x08006418       0x22 ./Drivers/STM32L4xx_HAL_Driver/Src/stm32l4xx_ll_usb.o
                0x08006418                USB_HC_ReadInterrupt
 .text.USB_HC_Halt
                0x0800643a      0x240 ./Drivers/STM32L4xx_HAL_Driver/Src/stm32l4xx_ll_usb.o
                0x0800643a                USB_HC_Halt
 .text.USB_StopHost
                0x0800667a      0x124 ./Drivers/STM32L4xx_HAL_Driver/Src/stm32l4xx_ll_usb.o
                0x0800667a                USB_StopHost
 *fill*         0x0800679e        0x2 
 .text.USBH_MIDI_Init
                0x080067a0      0x248 ./Middlewares/ST/STM32_USB_Host_Library/Class/MIDI/Src/usbh_midi.o
 .text.USBH_MIDI_DeInit
                0x080069e8       0xc0 ./Middlewares/ST/STM32_USB_Host_Library/Class/MIDI/Src/usbh_midi.o
 .text.USBH_MIDI_ClassRequest
                0x08006aa8       0x16 ./Middlewares/ST/STM32_USB_Host_Library/Class/MIDI/Src/usbh_midi.o
 *fill*         0x08006abe        0x2 
 .text.USBH_MIDI_Process
                0x08006ac0      0x20c ./Middlewares/ST/STM32_USB_Host_Library/Class/MIDI/Src/usbh_midi.o
 .text.USBH_MIDI_SOFProcess
                0x08006ccc       0x16 ./Middlewares/ST/STM32_USB_Host_Library/Class/MIDI/Src/usbh_midi.o
 .text.USBH_MIDI_GetEvent
                0x08006ce2       0x8c ./Middlewares/ST/STM32_USB_Host_Library/Class/MIDI/Src/usbh_midi.o
                0x08006ce2                USBH_MIDI_GetEvent
 .text.USBH_Init
                0x08006d6e       0x74 ./Middlewares/ST/STM32_USB_Host_Library/Core/Src/usbh_core.o
                0x08006d6e                USBH_Init
 .text.DeInitStateMachine
                0x08006de2       0xe2 ./Middlewares/ST/STM32_USB_Host_Library/Core/Src/usbh_core.o
 .text.USBH_RegisterClass
                0x08006ec4       0x54 ./Middlewares/ST/STM32_USB_Host_Library/Core/Src/usbh_core.o
                0x08006ec4                USBH_RegisterClass
 .text.USBH_Start
                0x08006f18       0x20 ./Middlewares/ST/STM32_USB_Host_Library/Core/Src/usbh_core.o
                0x08006f18                USBH_Start
 .text.USBH_Process
                0x08006f38      0x3e0 ./Middlewares/ST/STM32_USB_Host_Library/Core/Src/usbh_core.o
                0x08006f38                USBH_Process
 .text.USBH_HandleEnum
                0x08007318      0x3c0 ./Middlewares/ST/STM32_USB_Host_Library/Core/Src/usbh_core.o
 .text.USBH_LL_SetTimer
                0x080076d8       0x1e ./Middlewares/ST/STM32_USB_Host_Library/Core/Src/usbh_core.o
                0x080076d8                USBH_LL_SetTimer
 .text.USBH_LL_IncTimer
                0x080076f6       0x24 ./Middlewares/ST/STM32_USB_Host_Library/Core/Src/usbh_core.o
                0x080076f6                USBH_LL_IncTimer
 .text.USBH_HandleSof
                0x0800771a       0x30 ./Middlewares/ST/STM32_USB_Host_Library/Core/Src/usbh_core.o
 .text.USBH_LL_PortEnabled
                0x0800774a       0x1c ./Middlewares/ST/STM32_USB_Host_Library/Core/Src/usbh_core.o
                0x0800774a                USBH_LL_PortEnabled
 .text.USBH_LL_PortDisabled
                0x08007766       0x1c ./Middlewares/ST/STM32_USB_Host_Library/Core/Src/usbh_core.o
                0x08007766                USBH_LL_PortDisabled
 .text.USBH_LL_Connect
                0x08007782       0x2e ./Middlewares/ST/STM32_USB_Host_Library/Core/Src/usbh_core.o
                0x08007782                USBH_LL_Connect
 .text.USBH_LL_Disconnect
                0x080077b0       0x48 ./Middlewares/ST/STM32_USB_Host_Library/Core/Src/usbh_core.o
                0x080077b0                USBH_LL_Disconnect
 .text.USBH_Get_DevDesc
                0x080077f8       0x58 ./Middlewares/ST/STM32_USB_Host_Library/Core/Src/usbh_ctlreq.o
                0x080077f8                USBH_Get_DevDesc
 .text.USBH_Get_CfgDesc
                0x08007850       0x54 ./Middlewares/ST/STM32_USB_Host_Library/Core/Src/usbh_ctlreq.o
                0x08007850                USBH_Get_CfgDesc
 .text.USBH_Get_StringDesc
                0x080078a4       0x68 ./Middlewares/ST/STM32_USB_Host_Library/Core/Src/usbh_ctlreq.o
                0x080078a4                USBH_Get_StringDesc
 .text.USBH_GetDescriptor
                0x0800790c       0x6a ./Middlewares/ST/STM32_USB_Host_Library/Core/Src/usbh_ctlreq.o
                0x0800790c                USBH_GetDescriptor
 .text.USBH_SetAddress
                0x08007976       0x48 ./Middlewares/ST/STM32_USB_Host_Library/Core/Src/usbh_ctlreq.o
                0x08007976                USBH_SetAddress
 .text.USBH_SetCfg
                0x080079be       0x46 ./Middlewares/ST/STM32_USB_Host_Library/Core/Src/usbh_ctlreq.o
                0x080079be                USBH_SetCfg
 .text.USBH_SetFeature
                0x08007a04       0x48 ./Middlewares/ST/STM32_USB_Host_Library/Core/Src/usbh_ctlreq.o
                0x08007a04                USBH_SetFeature
 .text.USBH_ClrFeature
                0x08007a4c       0x48 ./Middlewares/ST/STM32_USB_Host_Library/Core/Src/usbh_ctlreq.o
                0x08007a4c                USBH_ClrFeature
 .text.USBH_ParseDevDesc
                0x08007a94      0x160 ./Middlewares/ST/STM32_USB_Host_Library/Core/Src/usbh_ctlreq.o
 .text.USBH_ParseCfgDesc
                0x08007bf4      0x1f8 ./Middlewares/ST/STM32_USB_Host_Library/Core/Src/usbh_ctlreq.o
 .text.USBH_ParseInterfaceDesc
                0x08007dec       0x5e ./Middlewares/ST/STM32_USB_Host_Library/Core/Src/usbh_ctlreq.o
 .text.USBH_ParseEPDesc
                0x08007e4a      0x1d0 ./Middlewares/ST/STM32_USB_Host_Library/Core/Src/usbh_ctlreq.o
 .text.USBH_ParseStringDesc
                0x0800801a       0x66 ./Middlewares/ST/STM32_USB_Host_Library/Core/Src/usbh_ctlreq.o
 .text.USBH_GetNextDesc
                0x08008080       0x34 ./Middlewares/ST/STM32_USB_Host_Library/Core/Src/usbh_ctlreq.o
                0x08008080                USBH_GetNextDesc
 .text.USBH_CtlReq
                0x080080b4       0x7a ./Middlewares/ST/STM32_USB_Host_Library/Core/Src/usbh_ctlreq.o
                0x080080b4                USBH_CtlReq
 *fill*         0x0800812e        0x2 
 .text.USBH_HandleControl
                0x08008130      0x2ec ./Middlewares/ST/STM32_USB_Host_Library/Core/Src/usbh_ctlreq.o
 .text.USBH_CtlSendSetup
                0x0800841c       0x34 ./Middlewares/ST/STM32_USB_Host_Library/Core/Src/usbh_ioreq.o
                0x0800841c                USBH_CtlSendSetup
 .text.USBH_CtlSendData
                0x08008450       0x4a ./Middlewares/ST/STM32_USB_Host_Library/Core/Src/usbh_ioreq.o
                0x08008450                USBH_CtlSendData
 .text.USBH_CtlReceiveData
                0x0800849a       0x3c ./Middlewares/ST/STM32_USB_Host_Library/Core/Src/usbh_ioreq.o
                0x0800849a                USBH_CtlReceiveData
 .text.USBH_BulkReceiveData
                0x080084d6       0x3c ./Middlewares/ST/STM32_USB_Host_Library/Core/Src/usbh_ioreq.o
                0x080084d6                USBH_BulkReceiveData
 .text.USBH_OpenPipe
                0x08008512       0x3e ./Middlewares/ST/STM32_USB_Host_Library/Core/Src/usbh_pipes.o
                0x08008512                USBH_OpenPipe
 .text.USBH_ClosePipe
                0x08008550       0x20 ./Middlewares/ST/STM32_USB_Host_Library/Core/Src/usbh_pipes.o
                0x08008550                USBH_ClosePipe
 .text.USBH_AllocPipe
                0x08008570       0x42 ./Middlewares/ST/STM32_USB_Host_Library/Core/Src/usbh_pipes.o
                0x08008570                USBH_AllocPipe
 .text.USBH_FreePipe
                0x080085b2       0x3c ./Middlewares/ST/STM32_USB_Host_Library/Core/Src/usbh_pipes.o
                0x080085b2                USBH_FreePipe
 .text.USBH_GetFreePipe
                0x080085ee       0x48 ./Middlewares/ST/STM32_USB_Host_Library/Core/Src/usbh_pipes.o
 *fill*         0x08008636        0x2 
 .text.MX_USB_HOST_Init
                0x08008638       0x4c ./USB_HOST/App/usb_host.o
                0x08008638                MX_USB_HOST_Init
 .text.MX_USB_HOST_Process
                0x08008684       0x14 ./USB_HOST/App/usb_host.o
                0x08008684                MX_USB_HOST_Process
 .text.USBH_UserProcess
                0x08008698       0x5c ./USB_HOST/App/usb_host.o
 .text.HAL_HCD_MspInit
                0x080086f4      0x124 ./USB_HOST/Target/usbh_conf.o
                0x080086f4                HAL_HCD_MspInit
 .text.HAL_HCD_SOF_Callback
                0x08008818       0x1c ./USB_HOST/Target/usbh_conf.o
                0x08008818                HAL_HCD_SOF_Callback
 .text.HAL_HCD_Connect_Callback
                0x08008834       0x1c ./USB_HOST/Target/usbh_conf.o
                0x08008834                HAL_HCD_Connect_Callback
 .text.HAL_HCD_Disconnect_Callback
                0x08008850       0x1c ./USB_HOST/Target/usbh_conf.o
                0x08008850                HAL_HCD_Disconnect_Callback
 .text.HAL_HCD_HC_NotifyURBChange_Callback
                0x0800886c       0x1c ./USB_HOST/Target/usbh_conf.o
                0x0800886c                HAL_HCD_HC_NotifyURBChange_Callback
 .text.HAL_HCD_PortEnabled_Callback
                0x08008888       0x1c ./USB_HOST/Target/usbh_conf.o
                0x08008888                HAL_HCD_PortEnabled_Callback
 .text.HAL_HCD_PortDisabled_Callback
                0x080088a4       0x1c ./USB_HOST/Target/usbh_conf.o
                0x080088a4                HAL_HCD_PortDisabled_Callback
 .text.USBH_LL_Init
                0x080088c0       0x78 ./USB_HOST/Target/usbh_conf.o
                0x080088c0                USBH_LL_Init
 .text.USBH_LL_Start
                0x08008938       0x36 ./USB_HOST/Target/usbh_conf.o
                0x08008938                USBH_LL_Start
 .text.USBH_LL_Stop
                0x0800896e       0x36 ./USB_HOST/Target/usbh_conf.o
                0x0800896e                USBH_LL_Stop
 .text.USBH_LL_GetSpeed
                0x080089a4       0x4e ./USB_HOST/Target/usbh_conf.o
                0x080089a4                USBH_LL_GetSpeed
 .text.USBH_LL_ResetPort
                0x080089f2       0x36 ./USB_HOST/Target/usbh_conf.o
                0x080089f2                USBH_LL_ResetPort
 .text.USBH_LL_GetLastXferSize
                0x08008a28       0x26 ./USB_HOST/Target/usbh_conf.o
                0x08008a28                USBH_LL_GetLastXferSize
 .text.USBH_LL_OpenPipe
                0x08008a4e       0x5e ./USB_HOST/Target/usbh_conf.o
                0x08008a4e                USBH_LL_OpenPipe
 .text.USBH_LL_ClosePipe
                0x08008aac       0x3e ./USB_HOST/Target/usbh_conf.o
                0x08008aac                USBH_LL_ClosePipe
 .text.USBH_LL_SubmitURB
                0x08008aea       0x62 ./USB_HOST/Target/usbh_conf.o
                0x08008aea                USBH_LL_SubmitURB
 .text.USBH_LL_GetURBState
                0x08008b4c       0x26 ./USB_HOST/Target/usbh_conf.o
                0x08008b4c                USBH_LL_GetURBState
 .text.USBH_LL_DriverVBUS
                0x08008b72       0x1c ./USB_HOST/Target/usbh_conf.o
                0x08008b72                USBH_LL_DriverVBUS
 .text.USBH_LL_SetToggle
                0x08008b8e       0x60 ./USB_HOST/Target/usbh_conf.o
                0x08008b8e                USBH_LL_SetToggle
 .text.USBH_Delay
                0x08008bee       0x16 ./USB_HOST/Target/usbh_conf.o
                0x08008bee                USBH_Delay
 .text.USBH_Get_USB_Status
                0x08008c04       0x58 ./USB_HOST/Target/usbh_conf.o
                0x08008c04                USBH_Get_USB_Status
 .text.malloc   0x08008c5c       0x10 D:/STM32CubeIDE_1.17.0/STM32CubeIDE/plugins/com.st.stm32cube.ide.mcu.externaltools.gnu-tools-for-stm32.13.3.rel1.win32_1.0.100.202509120712/tools/bin/../lib/gcc/arm-none-eabi/13.3.1/../../../../arm-none-eabi/lib/thumb/v7e-m+fp/hard\libc_nano.a(libc_a-malloc.o)
                0x08008c5c                malloc
 .text.free     0x08008c6c       0x10 D:/STM32CubeIDE_1.17.0/STM32CubeIDE/plugins/com.st.stm32cube.ide.mcu.externaltools.gnu-tools-for-stm32.13.3.rel1.win32_1.0.100.202509120712/tools/bin/../lib/gcc/arm-none-eabi/13.3.1/../../../../arm-none-eabi/lib/thumb/v7e-m+fp/hard\libc_nano.a(libc_a-malloc.o)
                0x08008c6c                free
 .text.sbrk_aligned
                0x08008c7c       0x44 D:/STM32CubeIDE_1.17.0/STM32CubeIDE/plugins/com.st.stm32cube.ide.mcu.externaltools.gnu-tools-for-stm32.13.3.rel1.win32_1.0.100.202509120712/tools/bin/../lib/gcc/arm-none-eabi/13.3.1/../../../../arm-none-eabi/lib/thumb/v7e-m+fp/hard\libc_nano.a(libc_a-mallocr.o)
 .text._malloc_r
                0x08008cc0      0x100 D:/STM32CubeIDE_1.17.0/STM32CubeIDE/plugins/com.st.stm32cube.ide.mcu.externaltools.gnu-tools-for-stm32.13.3.rel1.win32_1.0.100.202509120712/tools/bin/../lib/gcc/arm-none-eabi/13.3.1/../../../../arm-none-eabi/lib/thumb/v7e-m+fp/hard\libc_nano.a(libc_a-mallocr.o)
                0x08008cc0                _malloc_r
 .text.__malloc_lock
                0x08008dc0        0xc D:/STM32CubeIDE_1.17.0/STM32CubeIDE/plugins/com.st.stm32cube.ide.mcu.externaltools.gnu-tools-for-stm32.13.3.rel1.win32_1.0.100.202509120712/tools/bin/../lib/gcc/arm-none-eabi/13.3.1/../../../../arm-none-eabi/lib/thumb/v7e-m+fp/hard\libc_nano.a(libc_a-mlock.o)
                0x08008dc0                __malloc_lock
 .text.__malloc_unlock
                0x08008dcc        0xc D:/STM32CubeIDE_1.17.0/STM32CubeIDE/plugins/com.st.stm32cube.ide.mcu.externaltools.gnu-tools-for-stm32.13.3.rel1.win32_1.0.100.202509120712/tools/bin/../lib/gcc/arm-none-eabi/13.3.1/../../../../arm-none-eabi/lib/thumb/v7e-m+fp/hard\libc_nano.a(libc_a-mlock.o)
                0x08008dcc                __malloc_unlock
 .text.std      0x08008dd8       0x6c D:/STM32CubeIDE_1.17.0/STM32CubeIDE/plugins/com.st.stm32cube.ide.mcu.externaltools.gnu-tools-for-stm32.13.3.rel1.win32_1.0.100.202509120712/tools/bin/../lib/gcc/arm-none-eabi/13.3.1/../../../../arm-none-eabi/lib/thumb/v7e-m+fp/hard\libc_nano.a(libc_a-findfp.o)
 .text.stdio_exit_handler
                0x08008e44       0x18 D:/STM32CubeIDE_1.17.0/STM32CubeIDE/plugins/com.st.stm32cube.ide.mcu.externaltools.gnu-tools-for-stm32.13.3.rel1.win32_1.0.100.202509120712/tools/bin/../lib/gcc/arm-none-eabi/13.3.1/../../../../arm-none-eabi/lib/thumb/v7e-m+fp/hard\libc_nano.a(libc_a-findfp.o)
 .text.cleanup_stdio
                0x08008e5c       0x40 D:/STM32CubeIDE_1.17.0/STM32CubeIDE/plugins/com.st.stm32cube.ide.mcu.externaltools.gnu-tools-for-stm32.13.3.rel1.win32_1.0.100.202509120712/tools/bin/../lib/gcc/arm-none-eabi/13.3.1/../../../../arm-none-eabi/lib/thumb/v7e-m+fp/hard\libc_nano.a(libc_a-findfp.o)
 .text.global_stdio_init.part.0
                0x08008e9c       0x3c D:/STM32CubeIDE_1.17.0/STM32CubeIDE/plugins/com.st.stm32cube.ide.mcu.externaltools.gnu-tools-for-stm32.13.3.rel1.win32_1.0.100.202509120712/tools/bin/../lib/gcc/arm-none-eabi/13.3.1/../../../../arm-none-eabi/lib/thumb/v7e-m+fp/hard\libc_nano.a(libc_a-findfp.o)
 .text.__sfp_lock_acquire
                0x08008ed8        0xc D:/STM32CubeIDE_1.17.0/STM32CubeIDE/plugins/com.st.stm32cube.ide.mcu.externaltools.gnu-tools-for-stm32.13.3.rel1.win32_1.0.100.202509120712/tools/bin/../lib/gcc/arm-none-eabi/13.3.1/../../../../arm-none-eabi/lib/thumb/v7e-m+fp/hard\libc_nano.a(libc_a-findfp.o)
                0x08008ed8                __sfp_lock_acquire
 .text.__sfp_lock_release
                0x08008ee4        0xc D:/STM32CubeIDE_1.17.0/STM32CubeIDE/plugins/com.st.stm32cube.ide.mcu.externaltools.gnu-tools-for-stm32.13.3.rel1.win32_1.0.100.202509120712/tools/bin/../lib/gcc/arm-none-eabi/13.3.1/../../../../arm-none-eabi/lib/thumb/v7e-m+fp/hard\libc_nano.a(libc_a-findfp.o)
                0x08008ee4                __sfp_lock_release
 .text.__sinit  0x08008ef0       0x30 D:/STM32CubeIDE_1.17.0/STM32CubeIDE/plugins/com.st.stm32cube.ide.mcu.externaltools.gnu-tools-for-stm32.13.3.rel1.win32_1.0.100.202509120712/tools/bin/../lib/gcc/arm-none-eabi/13.3.1/../../../../arm-none-eabi/lib/thumb/v7e-m+fp/hard\libc_nano.a(libc_a-findfp.o)
                0x08008ef0                __sinit
 .text._fwalk_sglue
                0x08008f20       0x3c D:/STM32CubeIDE_1.17.0/STM32CubeIDE/plugins/com.st.stm32cube.ide.mcu.externaltools.gnu-tools-for-stm32.13.3.rel1.win32_1.0.100.202509120712/tools/bin/../lib/gcc/arm-none-eabi/13.3.1/../../../../arm-none-eabi/lib/thumb/v7e-m+fp/hard\libc_nano.a(libc_a-fwalk.o)
                0x08008f20                _fwalk_sglue
 .text.printf   0x08008f5c       0x24 D:/STM32CubeIDE_1.17.0/STM32CubeIDE/plugins/com.st.stm32cube.ide.mcu.externaltools.gnu-tools-for-stm32.13.3.rel1.win32_1.0.100.202509120712/tools/bin/../lib/gcc/arm-none-eabi/13.3.1/../../../../arm-none-eabi/lib/thumb/v7e-m+fp/hard\libc_nano.a(libc_a-printf.o)
                0x08008f5c                iprintf
                0x08008f5c                printf
 .text._puts_r  0x08008f80       0xaa D:/STM32CubeIDE_1.17.0/STM32CubeIDE/plugins/com.st.stm32cube.ide.mcu.externaltools.gnu-tools-for-stm32.13.3.rel1.win32_1.0.100.202509120712/tools/bin/../lib/gcc/arm-none-eabi/13.3.1/../../../../arm-none-eabi/lib/thumb/v7e-m+fp/hard\libc_nano.a(libc_a-puts.o)
                0x08008f80                _puts_r
 *fill*         0x0800902a        0x2 
 .text.puts     0x0800902c       0x10 D:/STM32CubeIDE_1.17.0/STM32CubeIDE/plugins/com.st.stm32cube.ide.mcu.externaltools.gnu-tools-for-stm32.13.3.rel1.win32_1.0.100.202509120712/tools/bin/../lib/gcc/arm-none-eabi/13.3.1/../../../../arm-none-eabi/lib/thumb/v7e-m+fp/hard\libc_nano.a(libc_a-puts.o)
                0x0800902c                puts
 .text.__sread  0x0800903c       0x22 D:/STM32CubeIDE_1.17.0/STM32CubeIDE/plugins/com.st.stm32cube.ide.mcu.externaltools.gnu-tools-for-stm32.13.3.rel1.win32_1.0.100.202509120712/tools/bin/../lib/gcc/arm-none-eabi/13.3.1/../../../../arm-none-eabi/lib/thumb/v7e-m+fp/hard\libc_nano.a(libc_a-stdio.o)
                0x0800903c                __sread
 .text.__swrite
                0x0800905e       0x38 D:/STM32CubeIDE_1.17.0/STM32CubeIDE/plugins/com.st.stm32cube.ide.mcu.externaltools.gnu-tools-for-stm32.13.3.rel1.win32_1.0.100.202509120712/tools/bin/../lib/gcc/arm-none-eabi/13.3.1/../../../../arm-none-eabi/lib/thumb/v7e-m+fp/hard\libc_nano.a(libc_a-stdio.o)
                0x0800905e                __swrite
 .text.__sseek  0x08009096       0x24 D:/STM32CubeIDE_1.17.0/STM32CubeIDE/plugins/com.st.stm32cube.ide.mcu.externaltools.gnu-tools-for-stm32.13.3.rel1.win32_1.0.100.202509120712/tools/bin/../lib/gcc/arm-none-eabi/13.3.1/../../../../arm-none-eabi/lib/thumb/v7e-m+fp/hard\libc_nano.a(libc_a-stdio.o)
                0x08009096                __sseek
 .text.__sclose
                0x080090ba        0x8 D:/STM32CubeIDE_1.17.0/STM32CubeIDE/plugins/com.st.stm32cube.ide.mcu.externaltools.gnu-tools-for-stm32.13.3.rel1.win32_1.0.100.202509120712/tools/bin/../lib/gcc/arm-none-eabi/13.3.1/../../../../arm-none-eabi/lib/thumb/v7e-m+fp/hard\libc_nano.a(libc_a-stdio.o)
                0x080090ba                __sclose
 .text.__swbuf_r
                0x080090c2       0x7c D:/STM32CubeIDE_1.17.0/STM32CubeIDE/plugins/com.st.stm32cube.ide.mcu.externaltools.gnu-tools-for-stm32.13.3.rel1.win32_1.0.100.202509120712/tools/bin/../lib/gcc/arm-none-eabi/13.3.1/../../../../arm-none-eabi/lib/thumb/v7e-m+fp/hard\libc_nano.a(libc_a-wbuf.o)
                0x080090c2                __swbuf_r
 *fill*         0x0800913e        0x2 
 .text.__swsetup_r
                0x08009140       0xac D:/STM32CubeIDE_1.17.0/STM32CubeIDE/plugins/com.st.stm32cube.ide.mcu.externaltools.gnu-tools-for-stm32.13.3.rel1.win32_1.0.100.202509120712/tools/bin/../lib/gcc/arm-none-eabi/13.3.1/../../../../arm-none-eabi/lib/thumb/v7e-m+fp/hard\libc_nano.a(libc_a-wsetup.o)
                0x08009140                __swsetup_r
 .text.memset   0x080091ec       0x10 D:/STM32CubeIDE_1.17.0/STM32CubeIDE/plugins/com.st.stm32cube.ide.mcu.externaltools.gnu-tools-for-stm32.13.3.rel1.win32_1.0.100.202509120712/tools/bin/../lib/gcc/arm-none-eabi/13.3.1/../../../../arm-none-eabi/lib/thumb/v7e-m+fp/hard\libc_nano.a(libc_a-memset.o)
                0x080091ec                memset
 .text._close_r
                0x080091fc       0x20 D:/STM32CubeIDE_1.17.0/STM32CubeIDE/plugins/com.st.stm32cube.ide.mcu.externaltools.gnu-tools-for-stm32.13.3.rel1.win32_1.0.100.202509120712/tools/bin/../lib/gcc/arm-none-eabi/13.3.1/../../../../arm-none-eabi/lib/thumb/v7e-m+fp/hard\libc_nano.a(libc_a-closer.o)
                0x080091fc                _close_r
 .text._lseek_r
                0x0800921c       0x24 D:/STM32CubeIDE_1.17.0/STM32CubeIDE/plugins/com.st.stm32cube.ide.mcu.externaltools.gnu-tools-for-stm32.13.3.rel1.win32_1.0.100.202509120712/tools/bin/../lib/gcc/arm-none-eabi/13.3.1/../../../../arm-none-eabi/lib/thumb/v7e-m+fp/hard\libc_nano.a(libc_a-lseekr.o)
                0x0800921c                _lseek_r
 .text._read_r  0x08009240       0x24 D:/STM32CubeIDE_1.17.0/STM32CubeIDE/plugins/com.st.stm32cube.ide.mcu.externaltools.gnu-tools-for-stm32.13.3.rel1.win32_1.0.100.202509120712/tools/bin/../lib/gcc/arm-none-eabi/13.3.1/../../../../arm-none-eabi/lib/thumb/v7e-m+fp/hard\libc_nano.a(libc_a-readr.o)
                0x08009240                _read_r
 .text._sbrk_r  0x08009264       0x20 D:/STM32CubeIDE_1.17.0/STM32CubeIDE/plugins/com.st.stm32cube.ide.mcu.externaltools.gnu-tools-for-stm32.13.3.rel1.win32_1.0.100.202509120712/tools/bin/../lib/gcc/arm-none-eabi/13.3.1/../../../../arm-none-eabi/lib/thumb/v7e-m+fp/hard\libc_nano.a(libc_a-sbrkr.o)
                0x08009264                _sbrk_r
 .text._write_r
                0x08009284       0x24 D:/STM32CubeIDE_1.17.0/STM32CubeIDE/plugins/com.st.stm32cube.ide.mcu.externaltools.gnu-tools-for-stm32.13.3.rel1.win32_1.0.100.202509120712/tools/bin/../lib/gcc/arm-none-eabi/13.3.1/../../../../arm-none-eabi/lib/thumb/v7e-m+fp/hard\libc_nano.a(libc_a-writer.o)
                0x08009284                _write_r
 .text.__errno  0x080092a8        0xc D:/STM32CubeIDE_1.17.0/STM32CubeIDE/plugins/com.st.stm32cube.ide.mcu.externaltools.gnu-tools-for-stm32.13.3.rel1.win32_1.0.100.202509120712/tools/bin/../lib/gcc/arm-none-eabi/13.3.1/../../../../arm-none-eabi/lib/thumb/v7e-m+fp/hard\libc_nano.a(libc_a-errno.o)
                0x080092a8                __errno
 .text.__libc_init_array
                0x080092b4       0x48 D:/STM32CubeIDE_1.17.0/STM32CubeIDE/plugins/com.st.stm32cube.ide.mcu.externaltools.gnu-tools-for-stm32.13.3.rel1.win32_1.0.100.202509120712/tools/bin/../lib/gcc/arm-none-eabi/13.3.1/../../../../arm-none-eabi/lib/thumb/v7e-m+fp/hard\libc_nano.a(libc_a-init.o)
                0x080092b4                __libc_init_array
 .text.__retarget_lock_init_recursive
                0x080092fc        0x2 D:/STM32CubeIDE_1.17.0/STM32CubeIDE/plugins/com.st.stm32cube.ide.mcu.externaltools.gnu-tools-for-stm32.13.3.rel1.win32_1.0.100.202509120712/tools/bin/../lib/gcc/arm-none-eabi/13.3.1/../../../../arm-none-eabi/lib/thumb/v7e-m+fp/hard\libc_nano.a(libc_a-lock.o)
                0x080092fc                __retarget_lock_init_recursive
 .text.__retarget_lock_acquire_recursive
                0x080092fe        0x2 D:/STM32CubeIDE_1.17.0/STM32CubeIDE/plugins/com.st.stm32cube.ide.mcu.externaltools.gnu-tools-for-stm32.13.3.rel1.win32_1.0.100.202509120712/tools/bin/../lib/gcc/arm-none-eabi/13.3.1/../../../../arm-none-eabi/lib/thumb/v7e-m+fp/hard\libc_nano.a(libc_a-lock.o)
                0x080092fe                __retarget_lock_acquire_recursive
 .text.__retarget_lock_release_recursive
                0x08009300        0x2 D:/STM32CubeIDE_1.17.0/STM32CubeIDE/plugins/com.st.stm32cube.ide.mcu.externaltools.gnu-tools-for-stm32.13.3.rel1.win32_1.0.100.202509120712/tools/bin/../lib/gcc/arm-none-eabi/13.3.1/../../../../arm-none-eabi/lib/thumb/v7e-m+fp/hard\libc_nano.a(libc_a-lock.o)
                0x08009300                __retarget_lock_release_recursive
 *fill*         0x08009302        0x2 
 .text._free_r  0x08009304       0x94 D:/STM32CubeIDE_1.17.0/STM32CubeIDE/plugins/com.st.stm32cube.ide.mcu.externaltools.gnu-tools-for-stm32.13.3.rel1.win32_1.0.100.202509120712/tools/bin/../lib/gcc/arm-none-eabi/13.3.1/../../../../arm-none-eabi/lib/thumb/v7e-m+fp/hard\libc_nano.a(libc_a-freer.o)
                0x08009304                _free_r
 .text.__sfputc_r
                0x08009398       0x2e D:/STM32CubeIDE_1.17.0/STM32CubeIDE/plugins/com.st.stm32cube.ide.mcu.externaltools.gnu-tools-for-stm32.13.3.rel1.win32_1.0.100.202509120712/tools/bin/../lib/gcc/arm-none-eabi/13.3.1/../../../../arm-none-eabi/lib/thumb/v7e-m+fp/hard\libc_nano.a(libc_a-nano-vfprintf.o)
 .text.__sfputs_r
                0x080093c6       0x24 D:/STM32CubeIDE_1.17.0/STM32CubeIDE/plugins/com.st.stm32cube.ide.mcu.externaltools.gnu-tools-for-stm32.13.3.rel1.win32_1.0.100.202509120712/tools/bin/../lib/gcc/arm-none-eabi/13.3.1/../../../../arm-none-eabi/lib/thumb/v7e-m+fp/hard\libc_nano.a(libc_a-nano-vfprintf.o)
                0x080093c6                __sfputs_r
 *fill*         0x080093ea        0x2 
 .text._vfprintf_r
                0x080093ec      0x230 D:/STM32CubeIDE_1.17.0/STM32CubeIDE/plugins/com.st.stm32cube.ide.mcu.externaltools.gnu-tools-for-stm32.13.3.rel1.win32_1.0.100.202509120712/tools/bin/../lib/gcc/arm-none-eabi/13.3.1/../../../../arm-none-eabi/lib/thumb/v7e-m+fp/hard\libc_nano.a(libc_a-nano-vfprintf.o)
                0x080093ec                _vfprintf_r
                0x080093ec                _vfiprintf_r
 .text._printf_common
                0x0800961c       0xda D:/STM32CubeIDE_1.17.0/STM32CubeIDE/plugins/com.st.stm32cube.ide.mcu.externaltools.gnu-tools-for-stm32.13.3.rel1.win32_1.0.100.202509120712/tools/bin/../lib/gcc/arm-none-eabi/13.3.1/../../../../arm-none-eabi/lib/thumb/v7e-m+fp/hard\libc_nano.a(libc_a-nano-vfprintf_i.o)
                0x0800961c                _printf_common
 *fill*         0x080096f6        0x2 
 .text._printf_i
                0x080096f8      0x23c D:/STM32CubeIDE_1.17.0/STM32CubeIDE/plugins/com.st.stm32cube.ide.mcu.externaltools.gnu-tools-for-stm32.13.3.rel1.win32_1.0.100.202509120712/tools/bin/../lib/gcc/arm-none-eabi/13.3.1/../../../../arm-none-eabi/lib/thumb/v7e-m+fp/hard\libc_nano.a(libc_a-nano-vfprintf_i.o)
                0x080096f8                _printf_i
 .text.__sflush_r
                0x08009934      0x108 D:/STM32CubeIDE_1.17.0/STM32CubeIDE/plugins/com.st.stm32cube.ide.mcu.externaltools.gnu-tools-for-stm32.13.3.rel1.win32_1.0.100.202509120712/tools/bin/../lib/gcc/arm-none-eabi/13.3.1/../../../../arm-none-eabi/lib/thumb/v7e-m+fp/hard\libc_nano.a(libc_a-fflush.o)
                0x08009934                __sflush_r
 .text._fflush_r
                0x08009a3c       0x50 D:/STM32CubeIDE_1.17.0/STM32CubeIDE/plugins/com.st.stm32cube.ide.mcu.externaltools.gnu-tools-for-stm32.13.3.rel1.win32_1.0.100.202509120712/tools/bin/../lib/gcc/arm-none-eabi/13.3.1/../../../../arm-none-eabi/lib/thumb/v7e-m+fp/hard\libc_nano.a(libc_a-fflush.o)
                0x08009a3c                _fflush_r
 .text.__swhatbuf_r
                0x08009a8c       0x4c D:/STM32CubeIDE_1.17.0/STM32CubeIDE/plugins/com.st.stm32cube.ide.mcu.externaltools.gnu-tools-for-stm32.13.3.rel1.win32_1.0.100.202509120712/tools/bin/../lib/gcc/arm-none-eabi/13.3.1/../../../../arm-none-eabi/lib/thumb/v7e-m+fp/hard\libc_nano.a(libc_a-makebuf.o)
                0x08009a8c                __swhatbuf_r
 .text.__smakebuf_r
                0x08009ad8       0x78 D:/STM32CubeIDE_1.17.0/STM32CubeIDE/plugins/com.st.stm32cube.ide.mcu.externaltools.gnu-tools-for-stm32.13.3.rel1.win32_1.0.100.202509120712/tools/bin/../lib/gcc/arm-none-eabi/13.3.1/../../../../arm-none-eabi/lib/thumb/v7e-m+fp/hard\libc_nano.a(libc_a-makebuf.o)
                0x08009ad8                __smakebuf_r
 .text._fstat_r
                0x08009b50       0x24 D:/STM32CubeIDE_1.17.0/STM32CubeIDE/plugins/com.st.stm32cube.ide.mcu.externaltools.gnu-tools-for-stm32.13.3.rel1.win32_1.0.100.202509120712/tools/bin/../lib/gcc/arm-none-eabi/13.3.1/../../../../arm-none-eabi/lib/thumb/v7e-m+fp/hard\libc_nano.a(libc_a-fstatr.o)
                0x08009b50                _fstat_r
 .text._isatty_r
                0x08009b74       0x20 D:/STM32CubeIDE_1.17.0/STM32CubeIDE/plugins/com.st.stm32cube.ide.mcu.externaltools.gnu-tools-for-stm32.13.3.rel1.win32_1.0.100.202509120712/tools/bin/../lib/gcc/arm-none-eabi/13.3.1/../../../../arm-none-eabi/lib/thumb/v7e-m+fp/hard\libc_nano.a(libc_a-isattyr.o)
                0x08009b74                _isatty_r
 *(.glue_7)
 .glue_7        0x08009b94        0x0 linker stubs
 *(.glue_7t)
 .glue_7t       0x08009b94        0x0 linker stubs
 *(.eh_frame)
 .eh_frame      0x08009b94        0x0 D:/STM32CubeIDE_1.17.0/STM32CubeIDE/plugins/com.st.stm32cube.ide.mcu.externaltools.gnu-tools-for-stm32.13.3.rel1.win32_1.0.100.202509120712/tools/bin/../lib/gcc/arm-none-eabi/13.3.1/thumb/v7e-m+fp/hard/crtbegin.o
 *(.init)
 .init          0x08009b94        0x4 D:/STM32CubeIDE_1.17.0/STM32CubeIDE/plugins/com.st.stm32cube.ide.mcu.externaltools.gnu-tools-for-stm32.13.3.rel1.win32_1.0.100.202509120712/tools/bin/../lib/gcc/arm-none-eabi/13.3.1/thumb/v7e-m+fp/hard/crti.o
                0x08009b94                _init
 .init          0x08009b98        0x8 D:/STM32CubeIDE_1.17.0/STM32CubeIDE/plugins/com.st.stm32cube.ide.mcu.externaltools.gnu-tools-for-stm32.13.3.rel1.win32_1.0.100.202509120712/tools/bin/../lib/gcc/arm-none-eabi/13.3.1/thumb/v7e-m+fp/hard/crtn.o
 *(.fini)
 .fini          0x08009ba0        0x4 D:/STM32CubeIDE_1.17.0/STM32CubeIDE/plugins/com.st.stm32cube.ide.mcu.externaltools.gnu-tools-for-stm32.13.3.rel1.win32_1.0.100.202509120712/tools/bin/../lib/gcc/arm-none-eabi/13.3.1/thumb/v7e-m+fp/hard/crti.o
                0x08009ba0                _fini
 .fini          0x08009ba4        0x8 D:/STM32CubeIDE_1.17.0/STM32CubeIDE/plugins/com.st.stm32cube.ide.mcu.externaltools.gnu-tools-for-stm32.13.3.rel1.win32_1.0.100.202509120712/tools/bin/../lib/gcc/arm-none-eabi/13.3.1/thumb/v7e-m+fp/hard/crtn.o
                0x08009bac                        . = ALIGN (0x4)
                0x08009bac                        _etext = .

.vfp11_veneer   0x08009bac        0x0
 .vfp11_veneer  0x08009bac        0x0 linker stubs

.v4_bx          0x08009bac        0x0
 .v4_bx         0x08009bac        0x0 linker stubs

.iplt           0x08009bac        0x0
 .iplt          0x08009bac        0x0 D:/STM32CubeIDE_1.17.0/STM32CubeIDE/plugins/com.st.stm32cube.ide.mcu.externaltools.gnu-tools-for-stm32.13.3.rel1.win32_1.0.100.202509120712/tools/bin/../lib/gcc/arm-none-eabi/13.3.1/thumb/v7e-m+fp/hard/crtbegin.o

.rodata         0x08009bac      0x798
                0x08009bac                        . = ALIGN (0x4)
 *(.rodata)
 .rodata        0x08009bac       0xb7 ./Core/Src/app.o
 *fill*         0x08009c63        0x1 
 .rodata        0x08009c64       0x50 ./Core/Src/chords.o
 .rodata        0x08009cb4       0x1b ./Core/Src/lesson.o
 *fill*         0x08009ccf        0x1 
 .rodata        0x08009cd0       0xe4 ./Core/Src/main.o
 .rodata        0x08009db4       0x20 ./Core/Src/songs.o
 .rodata        0x08009dd4      0x4be ./Middlewares/ST/STM32_USB_Host_Library/Class/MIDI/Src/usbh_midi.o
 *(.rodata*)
 .rodata.CHORD_PACK_COUNT
                0x0800a292        0x1 ./Core/Src/chords.o
                0x0800a292                CHORD_PACK_COUNT
 *fill*         0x0800a293        0x1 
 .rodata.CH_WHOLE
                0x0800a294        0x8 ./Core/Src/main.o
 .rodata.CH_HALF
                0x0800a29c        0x8 ./Core/Src/main.o
 .rodata.CH_QUARTER
                0x0800a2a4        0x8 ./Core/Src/main.o
 .rodata.CH_EIGHTH
                0x0800a2ac        0x8 ./Core/Src/main.o
 .rodata.CH_SIXTEENTH
                0x0800a2b4        0x8 ./Core/Src/main.o
 .rodata.CH_SHARP
                0x0800a2bc        0x8 ./Core/Src/main.o
 .rodata.CH_FLAT
                0x0800a2c4        0x8 ./Core/Src/main.o
 .rodata.SONG_COUNT
                0x0800a2cc        0x1 ./Core/Src/songs.o
                0x0800a2cc                SONG_COUNT
 *fill*         0x0800a2cd        0x3 
 .rodata.AHBPrescTable
                0x0800a2d0       0x10 ./Core/Src/system_stm32l4xx.o
                0x0800a2d0                AHBPrescTable
 .rodata.MSIRangeTable
                0x0800a2e0       0x30 ./Core/Src/system_stm32l4xx.o
                0x0800a2e0                MSIRangeTable
 .rodata._vfprintf_r.str1.1
                0x0800a310       0x33 D:/STM32CubeIDE_1.17.0/STM32CubeIDE/plugins/com.st.stm32cube.ide.mcu.externaltools.gnu-tools-for-stm32.13.3.rel1.win32_1.0.100.202509120712/tools/bin/../lib/gcc/arm-none-eabi/13.3.1/../../../../arm-none-eabi/lib/thumb/v7e-m+fp/hard\libc_nano.a(libc_a-nano-vfprintf.o)
                                 0x11 (size before relaxing)
 .rodata._printf_i.str1.1
                0x0800a343        0x0 D:/STM32CubeIDE_1.17.0/STM32CubeIDE/plugins/com.st.stm32cube.ide.mcu.externaltools.gnu-tools-for-stm32.13.3.rel1.win32_1.0.100.202509120712/tools/bin/../lib/gcc/arm-none-eabi/13.3.1/../../../../arm-none-eabi/lib/thumb/v7e-m+fp/hard\libc_nano.a(libc_a-nano-vfprintf_i.o)
                                 0x22 (size before relaxing)
                0x0800a344                        . = ALIGN (0x4)
 *fill*         0x0800a343        0x1 

.ARM.extab      0x0800a344        0x0
                0x0800a344                        . = ALIGN (0x4)
 *(.ARM.extab* .gnu.linkonce.armextab.*)
                0x0800a344                        . = ALIGN (0x4)

.ARM            0x0800a344        0x8
                0x0800a344                        . = ALIGN (0x4)
                0x0800a344                        __exidx_start = .
 *(.ARM.exidx*)
 .ARM.exidx     0x0800a344        0x8 D:/STM32CubeIDE_1.17.0/STM32CubeIDE/plugins/com.st.stm32cube.ide.mcu.externaltools.gnu-tools-for-stm32.13.3.rel1.win32_1.0.100.202509120712/tools/bin/../lib/gcc/arm-none-eabi/13.3.1/../../../../arm-none-eabi/lib/thumb/v7e-m+fp/hard\libc_nano.a(libc_a-memchr.o)
                0x0800a34c                        __exidx_end = .
                0x0800a34c                        . = ALIGN (0x4)

.preinit_array  0x0800a34c        0x0
                0x0800a34c                        . = ALIGN (0x4)
                0x0800a34c                        PROVIDE (__preinit_array_start = .)
 *(.preinit_array*)
                0x0800a34c                        PROVIDE (__preinit_array_end = .)
                0x0800a34c                        . = ALIGN (0x4)

.init_array     0x0800a34c        0x4
                0x0800a34c                        . = ALIGN (0x4)
                0x0800a34c                        PROVIDE (__init_array_start = .)
 *(SORT_BY_NAME(.init_array.*))
 *(.init_array*)
 .init_array    0x0800a34c        0x4 D:/STM32CubeIDE_1.17.0/STM32CubeIDE/plugins/com.st.stm32cube.ide.mcu.externaltools.gnu-tools-for-stm32.13.3.rel1.win32_1.0.100.202509120712/tools/bin/../lib/gcc/arm-none-eabi/13.3.1/thumb/v7e-m+fp/hard/crtbegin.o
                0x0800a350                        PROVIDE (__init_array_end = .)
                0x0800a350                        . = ALIGN (0x4)

.fini_array     0x0800a350        0x4
                0x0800a350                        . = ALIGN (0x4)
                [!provide]                        PROVIDE (__fini_array_start = .)
 *(SORT_BY_NAME(.fini_array.*))
 *(.fini_array*)
 .fini_array    0x0800a350        0x4 D:/STM32CubeIDE_1.17.0/STM32CubeIDE/plugins/com.st.stm32cube.ide.mcu.externaltools.gnu-tools-for-stm32.13.3.rel1.win32_1.0.100.202509120712/tools/bin/../lib/gcc/arm-none-eabi/13.3.1/thumb/v7e-m+fp/hard/crtbegin.o
                [!provide]                        PROVIDE (__fini_array_end = .)
                0x0800a354                        . = ALIGN (0x4)
                0x0800a354                        _sidata = LOADADDR (.data)

.rel.dyn        0x0800a354        0x0
 .rel.iplt      0x0800a354        0x0 D:/STM32CubeIDE_1.17.0/STM32CubeIDE/plugins/com.st.stm32cube.ide.mcu.externaltools.gnu-tools-for-stm32.13.3.rel1.win32_1.0.100.202509120712/tools/bin/../lib/gcc/arm-none-eabi/13.3.1/thumb/v7e-m+fp/hard/crtbegin.o

.data           0x20000000      0x204 load address 0x0800a354
                0x20000000                        . = ALIGN (0x4)
                0x20000000                        _sdata = .
 *(.data)
 *(.data*)
 .data.basicChords
                0x20000000       0x78 ./Core/Src/chords.o
 .data.advancedChords
                0x20000078       0x78 ./Core/Src/chords.o
 .data.chordPacks
                0x200000f0       0x18 ./Core/Src/chords.o
                0x200000f0                chordPacks
 .data.twinkleSteps
                0x20000108       0x34 ./Core/Src/songs.o
 .data.marySteps
                0x2000013c       0x27 ./Core/Src/songs.o
 *fill*         0x20000163        0x1 
 .data.songs    0x20000164       0x18 ./Core/Src/songs.o
                0x20000164                songs
 .data.SystemCoreClock
                0x2000017c        0x4 ./Core/Src/system_stm32l4xx.o
                0x2000017c                SystemCoreClock
 .data.uwTickPrio
                0x20000180        0x4 ./Drivers/STM32L4xx_HAL_Driver/Src/stm32l4xx_hal.o
                0x20000180                uwTickPrio
 .data.uwTickFreq
                0x20000184        0x1 ./Drivers/STM32L4xx_HAL_Driver/Src/stm32l4xx_hal.o
                0x20000184                uwTickFreq
 *fill*         0x20000185        0x3 
 .data.MIDI_Class
                0x20000188       0x20 ./Middlewares/ST/STM32_USB_Host_Library/Class/MIDI/Src/usbh_midi.o
                0x20000188                MIDI_Class
 .data.__sglue  0x200001a8        0xc D:/STM32CubeIDE_1.17.0/STM32CubeIDE/plugins/com.st.stm32cube.ide.mcu.externaltools.gnu-tools-for-stm32.13.3.rel1.win32_1.0.100.202509120712/tools/bin/../lib/gcc/arm-none-eabi/13.3.1/../../../../arm-none-eabi/lib/thumb/v7e-m+fp/hard\libc_nano.a(libc_a-findfp.o)
                0x200001a8                __sglue
 .data._impure_ptr
                0x200001b4        0x4 D:/STM32CubeIDE_1.17.0/STM32CubeIDE/plugins/com.st.stm32cube.ide.mcu.externaltools.gnu-tools-for-stm32.13.3.rel1.win32_1.0.100.202509120712/tools/bin/../lib/gcc/arm-none-eabi/13.3.1/../../../../arm-none-eabi/lib/thumb/v7e-m+fp/hard\libc_nano.a(libc_a-impure.o)
                0x200001b4                _impure_ptr
 .data._impure_data
                0x200001b8       0x4c D:/STM32CubeIDE_1.17.0/STM32CubeIDE/plugins/com.st.stm32cube.ide.mcu.externaltools.gnu-tools-for-stm32.13.3.rel1.win32_1.0.100.202509120712/tools/bin/../lib/gcc/arm-none-eabi/13.3.1/../../../../arm-none-eabi/lib/thumb/v7e-m+fp/hard\libc_nano.a(libc_a-impure.o)
                0x200001b8                _impure_data
 *(.RamFunc)
 *(.RamFunc*)
                0x20000204                        . = ALIGN (0x4)
                0x20000204                        _edata = .

.igot.plt       0x20000204        0x0 load address 0x0800a558
 .igot.plt      0x20000204        0x0 D:/STM32CubeIDE_1.17.0/STM32CubeIDE/plugins/com.st.stm32cube.ide.mcu.externaltools.gnu-tools-for-stm32.13.3.rel1.win32_1.0.100.202509120712/tools/bin/../lib/gcc/arm-none-eabi/13.3.1/thumb/v7e-m+fp/hard/crtbegin.o
                0x20000204                        . = ALIGN (0x4)

.bss            0x20000204      0x944 load address 0x0800a558
                0x20000204                        _sbss = .
                0x20000204                        __bss_start__ = _sbss
 *(.bss)
 .bss           0x20000204       0x1c D:/STM32CubeIDE_1.17.0/STM32CubeIDE/plugins/com.st.stm32cube.ide.mcu.externaltools.gnu-tools-for-stm32.13.3.rel1.win32_1.0.100.202509120712/tools/bin/../lib/gcc/arm-none-eabi/13.3.1/thumb/v7e-m+fp/hard/crtbegin.o
 *(.bss*)
 .bss.appState  0x20000220        0x1 ./Core/Src/app.o
 .bss.mainMenuIndex
                0x20000221        0x1 ./Core/Src/app.o
 .bss.songListIndex
                0x20000222        0x1 ./Core/Src/app.o
 .bss.chordPackIndex
                0x20000223        0x1 ./Core/Src/app.o
 .bss.g_btn     0x20000224       0x24 ./Core/Src/button.o
 .bss.currentSong
                0x20000248        0x4 ./Core/Src/lesson.o
 .bss.currentChordPack
                0x2000024c        0x4 ./Core/Src/lesson.o
 .bss.currentStepIndex
                0x20000250        0x1 ./Core/Src/lesson.o
 .bss.totalSteps
                0x20000251        0x1 ./Core/Src/lesson.o
 .bss.lessonActive
                0x20000252        0x1 ./Core/Src/lesson.o
 *fill*         0x20000253        0x1 
 .bss.hi2c1     0x20000254       0x54 ./Core/Src/main.o
                0x20000254                hi2c1
 .bss.prevState
                0x200002a8        0x1 ./Core/Src/main.o
 *fill*         0x200002a9        0x3 
 .bss.lcd       0x200002ac        0xc ./Core/Src/main.o
                0x200002ac                lcd
 .bss.__sbrk_heap_end
                0x200002b8        0x4 ./Core/Src/sysmem.o
 .bss.uwTick    0x200002bc        0x4 ./Drivers/STM32L4xx_HAL_Driver/Src/stm32l4xx_hal.o
                0x200002bc                uwTick
 .bss.hUsbHostFS
                0x200002c0      0x3d8 ./USB_HOST/App/usb_host.o
                0x200002c0                hUsbHostFS
 .bss.Appli_state
                0x20000698        0x1 ./USB_HOST/App/usb_host.o
                0x20000698                Appli_state
 *fill*         0x20000699        0x3 
 .bss.hhcd_USB_OTG_FS
                0x2000069c      0x360 ./USB_HOST/Target/usbh_conf.o
                0x2000069c                hhcd_USB_OTG_FS
 .bss.__malloc_sbrk_start
                0x200009fc        0x4 D:/STM32CubeIDE_1.17.0/STM32CubeIDE/plugins/com.st.stm32cube.ide.mcu.externaltools.gnu-tools-for-stm32.13.3.rel1.win32_1.0.100.202509120712/tools/bin/../lib/gcc/arm-none-eabi/13.3.1/../../../../arm-none-eabi/lib/thumb/v7e-m+fp/hard\libc_nano.a(libc_a-mallocr.o)
                0x200009fc                __malloc_sbrk_start
 .bss.__malloc_free_list
                0x20000a00        0x4 D:/STM32CubeIDE_1.17.0/STM32CubeIDE/plugins/com.st.stm32cube.ide.mcu.externaltools.gnu-tools-for-stm32.13.3.rel1.win32_1.0.100.202509120712/tools/bin/../lib/gcc/arm-none-eabi/13.3.1/../../../../arm-none-eabi/lib/thumb/v7e-m+fp/hard\libc_nano.a(libc_a-mallocr.o)
                0x20000a00                __malloc_free_list
 .bss.__sf      0x20000a04      0x138 D:/STM32CubeIDE_1.17.0/STM32CubeIDE/plugins/com.st.stm32cube.ide.mcu.externaltools.gnu-tools-for-stm32.13.3.rel1.win32_1.0.100.202509120712/tools/bin/../lib/gcc/arm-none-eabi/13.3.1/../../../../arm-none-eabi/lib/thumb/v7e-m+fp/hard\libc_nano.a(libc_a-findfp.o)
                0x20000a04                __sf
 .bss.__stdio_exit_handler
                0x20000b3c        0x4 D:/STM32CubeIDE_1.17.0/STM32CubeIDE/plugins/com.st.stm32cube.ide.mcu.externaltools.gnu-tools-for-stm32.13.3.rel1.win32_1.0.100.202509120712/tools/bin/../lib/gcc/arm-none-eabi/13.3.1/../../../../arm-none-eabi/lib/thumb/v7e-m+fp/hard\libc_nano.a(libc_a-findfp.o)
                0x20000b3c                __stdio_exit_handler
 .bss.errno     0x20000b40        0x4 D:/STM32CubeIDE_1.17.0/STM32CubeIDE/plugins/com.st.stm32cube.ide.mcu.externaltools.gnu-tools-for-stm32.13.3.rel1.win32_1.0.100.202509120712/tools/bin/../lib/gcc/arm-none-eabi/13.3.1/../../../../arm-none-eabi/lib/thumb/v7e-m+fp/hard\libc_nano.a(libc_a-reent.o)
                0x20000b40                errno
 .bss.__lock___malloc_recursive_mutex
                0x20000b44        0x1 D:/STM32CubeIDE_1.17.0/STM32CubeIDE/plugins/com.st.stm32cube.ide.mcu.externaltools.gnu-tools-for-stm32.13.3.rel1.win32_1.0.100.202509120712/tools/bin/../lib/gcc/arm-none-eabi/13.3.1/../../../../arm-none-eabi/lib/thumb/v7e-m+fp/hard\libc_nano.a(libc_a-lock.o)
                0x20000b44                __lock___malloc_recursive_mutex
 .bss.__lock___sfp_recursive_mutex
                0x20000b45        0x1 D:/STM32CubeIDE_1.17.0/STM32CubeIDE/plugins/com.st.stm32cube.ide.mcu.externaltools.gnu-tools-for-stm32.13.3.rel1.win32_1.0.100.202509120712/tools/bin/../lib/gcc/arm-none-eabi/13.3.1/../../../../arm-none-eabi/lib/thumb/v7e-m+fp/hard\libc_nano.a(libc_a-lock.o)
                0x20000b45                __lock___sfp_recursive_mutex
 *(COMMON)
                0x20000b48                        . = ALIGN (0x4)
 *fill*         0x20000b46        0x2 
                0x20000b48                        _ebss = .
                0x20000b48                        __bss_end__ = _ebss

._user_heap_stack
                0x20000b48      0x600 load address 0x0800a558
                0x20000b48                        . = ALIGN (0x8)
                [!provide]                        PROVIDE (end = .)
                0x20000b48                        PROVIDE (_end = .)
                0x20000d48                        . = (. + _Min_Heap_Size)
 *fill*         0x20000b48      0x200 
                0x20001148                        . = (. + _Min_Stack_Size)
 *fill*         0x20000d48      0x400 
                0x20001148                        . = ALIGN (0x8)

/DISCARD/
 libc.a(*)
 libm.a(*)
 libgcc.a(*)

.ARM.attributes
                0x00000000       0x30
 *(.ARM.attributes)
 .ARM.attributes
                0x00000000       0x22 D:/STM32CubeIDE_1.17.0/STM32CubeIDE/plugins/com.st.stm32cube.ide.mcu.externaltools.gnu-tools-for-stm32.13.3.rel1.win32_1.0.100.202509120712/tools/bin/../lib/gcc/arm-none-eabi/13.3.1/thumb/v7e-m+fp/hard/crti.o
 .ARM.attributes
                0x00000022       0x34 D:/STM32CubeIDE_1.17.0/STM32CubeIDE/plugins/com.st.stm32cube.ide.mcu.externaltools.gnu-tools-for-stm32.13.3.rel1.win32_1.0.100.202509120712/tools/bin/../lib/gcc/arm-none-eabi/13.3.1/thumb/v7e-m+fp/hard/crtbegin.o
 .ARM.attributes
                0x00000056       0x34 ./Core/Src/app.o
 .ARM.attributes
                0x0000008a       0x34 ./Core/Src/button.o
 .ARM.attributes
                0x000000be       0x34 ./Core/Src/chords.o
 .ARM.attributes
                0x000000f2       0x34 ./Core/Src/grove_lcd16x2_i2c.o
 .ARM.attributes
                0x00000126       0x34 ./Core/Src/lesson.o
 .ARM.attributes
                0x0000015a       0x34 ./Core/Src/main.o
 .ARM.attributes
                0x0000018e       0x34 ./Core/Src/songs.o
 .ARM.attributes
                0x000001c2       0x34 ./Core/Src/stm32l4xx_hal_msp.o
 .ARM.attributes
                0x000001f6       0x34 ./Core/Src/stm32l4xx_it.o
 .ARM.attributes
                0x0000022a       0x34 ./Core/Src/syscalls.o
 .ARM.attributes
                0x0000025e       0x34 ./Core/Src/sysmem.o
 .ARM.attributes
                0x00000292       0x34 ./Core/Src/system_stm32l4xx.o
 .ARM.attributes
                0x000002c6       0x21 ./Core/Startup/startup_stm32l476rgtx.o
 .ARM.attributes
                0x000002e7       0x34 ./Drivers/STM32L4xx_HAL_Driver/Src/stm32l4xx_hal.o
 .ARM.attributes
                0x0000031b       0x34 ./Drivers/STM32L4xx_HAL_Driver/Src/stm32l4xx_hal_cortex.o
 .ARM.attributes
                0x0000034f       0x34 ./Drivers/STM32L4xx_HAL_Driver/Src/stm32l4xx_hal_gpio.o
 .ARM.attributes
                0x00000383       0x34 ./Drivers/STM32L4xx_HAL_Driver/Src/stm32l4xx_hal_hcd.o
 .ARM.attributes
                0x000003b7       0x34 ./Drivers/STM32L4xx_HAL_Driver/Src/stm32l4xx_hal_i2c.o
 .ARM.attributes
                0x000003eb       0x34 ./Drivers/STM32L4xx_HAL_Driver/Src/stm32l4xx_hal_i2c_ex.o
 .ARM.attributes
                0x0000041f       0x34 ./Drivers/STM32L4xx_HAL_Driver/Src/stm32l4xx_hal_pwr.o
 .ARM.attributes
                0x00000453       0x34 ./Drivers/STM32L4xx_HAL_Driver/Src/stm32l4xx_hal_pwr_ex.o
 .ARM.attributes
                0x00000487       0x34 ./Drivers/STM32L4xx_HAL_Driver/Src/stm32l4xx_hal_rcc.o
 .ARM.attributes
                0x000004bb       0x34 ./Drivers/STM32L4xx_HAL_Driver/Src/stm32l4xx_hal_rcc_ex.o
 .ARM.attributes
                0x000004ef       0x34 ./Drivers/STM32L4xx_HAL_Driver/Src/stm32l4xx_ll_usb.o
 .ARM.attributes
                0x00000523       0x34 ./Middlewares/ST/STM32_USB_Host_Library/Class/MIDI/Src/usbh_midi.o
 .ARM.attributes
                0x00000557       0x34 ./Middlewares/ST/STM32_USB_Host_Library/Core/Src/usbh_core.o
 .ARM.attributes
                0x0000058b       0x34 ./Middlewares/ST/STM32_USB_Host_Library/Core/Src/usbh_ctlreq.o
 .ARM.attributes
                0x000005bf       0x34 ./Middlewares/ST/STM32_USB_Host_Library/Core/Src/usbh_ioreq.o
 .ARM.attributes
                0x000005f3       0x34 ./Middlewares/ST/STM32_USB_Host_Library/Core/Src/usbh_pipes.o
 .ARM.attributes
                0x00000627       0x34 ./USB_HOST/App/usb_host.o
 .ARM.attributes
                0x0000065b       0x34 ./USB_HOST/Target/usbh_conf.o
 .ARM.attributes
                0x0000068f       0x34 D:/STM32CubeIDE_1.17.0/STM32CubeIDE/plugins/com.st.stm32cube.ide.mcu.externaltools.gnu-tools-for-stm32.13.3.rel1.win32_1.0.100.202509120712/tools/bin/../lib/gcc/arm-none-eabi/13.3.1/../../../../arm-none-eabi/lib/thumb/v7e-m+fp/hard\libc_nano.a(libc_a-malloc.o)
 .ARM.attributes
                0x000006c3       0x34 D:/STM32CubeIDE_1.17.0/STM32CubeIDE/plugins/com.st.stm32cube.ide.mcu.externaltools.gnu-tools-for-stm32.13.3.rel1.win32_1.0.100.202509120712/tools/bin/../lib/gcc/arm-none-eabi/13.3.1/../../../../arm-none-eabi/lib/thumb/v7e-m+fp/hard\libc_nano.a(libc_a-mallocr.o)
 .ARM.attributes
                0x000006f7       0x34 D:/STM32CubeIDE_1.17.0/STM32CubeIDE/plugins/com.st.stm32cube.ide.mcu.externaltools.gnu-tools-for-stm32.13.3.rel1.win32_1.0.100.202509120712/tools/bin/../lib/gcc/arm-none-eabi/13.3.1/../../../../arm-none-eabi/lib/thumb/v7e-m+fp/hard\libc_nano.a(libc_a-mlock.o)
 .ARM.attributes
                0x0000072b       0x34 D:/STM32CubeIDE_1.17.0/STM32CubeIDE/plugins/com.st.stm32cube.ide.mcu.externaltools.gnu-tools-for-stm32.13.3.rel1.win32_1.0.100.202509120712/tools/bin/../lib/gcc/arm-none-eabi/13.3.1/../../../../arm-none-eabi/lib/thumb/v7e-m+fp/hard\libc_nano.a(libc_a-findfp.o)
 .ARM.attributes
                0x0000075f       0x34 D:/STM32CubeIDE_1.17.0/STM32CubeIDE/plugins/com.st.stm32cube.ide.mcu.externaltools.gnu-tools-for-stm32.13.3.rel1.win32_1.0.100.202509120712/tools/bin/../lib/gcc/arm-none-eabi/13.3.1/../../../../arm-none-eabi/lib/thumb/v7e-m+fp/hard\libc_nano.a(libc_a-fwalk.o)
 .ARM.attributes
                0x00000793       0x34 D:/STM32CubeIDE_1.17.0/STM32CubeIDE/plugins/com.st.stm32cube.ide.mcu.externaltools.gnu-tools-for-stm32.13.3.rel1.win32_1.0.100.202509120712/tools/bin/../lib/gcc/arm-none-eabi/13.3.1/../../../../arm-none-eabi/lib/thumb/v7e-m+fp/hard\libc_nano.a(libc_a-printf.o)
 .ARM.attributes
                0x000007c7       0x34 D:/STM32CubeIDE_1.17.0/STM32CubeIDE/plugins/com.st.stm32cube.ide.mcu.externaltools.gnu-tools-for-stm32.13.3.rel1.win32_1.0.100.202509120712/tools/bin/../lib/gcc/arm-none-eabi/13.3.1/../../../../arm-none-eabi/lib/thumb/v7e-m+fp/hard\libc_nano.a(libc_a-puts.o)
 .ARM.attributes
                0x000007fb       0x34 D:/STM32CubeIDE_1.17.0/STM32CubeIDE/plugins/com.st.stm32cube.ide.mcu.externaltools.gnu-tools-for-stm32.13.3.rel1.win32_1.0.100.202509120712/tools/bin/../lib/gcc/arm-none-eabi/13.3.1/../../../../arm-none-eabi/lib/thumb/v7e-m+fp/hard\libc_nano.a(libc_a-stdio.o)
 .ARM.attributes
                0x0000082f       0x34 D:/STM32CubeIDE_1.17.0/STM32CubeIDE/plugins/com.st.stm32cube.ide.mcu.externaltools.gnu-tools-for-stm32.13.3.rel1.win32_1.0.100.202509120712/tools/bin/../lib/gcc/arm-none-eabi/13.3.1/../../../../arm-none-eabi/lib/thumb/v7e-m+fp/hard\libc_nano.a(libc_a-wbuf.o)
 .ARM.attributes
                0x00000863       0x34 D:/STM32CubeIDE_1.17.0/STM32CubeIDE/plugins/com.st.stm32cube.ide.mcu.externaltools.gnu-tools-for-stm32.13.3.rel1.win32_1.0.100.202509120712/tools/bin/../lib/gcc/arm-none-eabi/13.3.1/../../../../arm-none-eabi/lib/thumb/v7e-m+fp/hard\libc_nano.a(libc_a-wsetup.o)
 .ARM.attributes
                0x00000897       0x34 D:/STM32CubeIDE_1.17.0/STM32CubeIDE/plugins/com.st.stm32cube.ide.mcu.externaltools.gnu-tools-for-stm32.13.3.rel1.win32_1.0.100.202509120712/tools/bin/../lib/gcc/arm-none-eabi/13.3.1/../../../../arm-none-eabi/lib/thumb/v7e-m+fp/hard\libc_nano.a(libc_a-memset.o)
 .ARM.attributes
                0x000008cb       0x34 D:/STM32CubeIDE_1.17.0/STM32CubeIDE/plugins/com.st.stm32cube.ide.mcu.externaltools.gnu-tools-for-stm32.13.3.rel1.win32_1.0.100.202509120712/tools/bin/../lib/gcc/arm-none-eabi/13.3.1/../../../../arm-none-eabi/lib/thumb/v7e-m+fp/hard\libc_nano.a(libc_a-closer.o)
 .ARM.attributes
                0x000008ff       0x34 D:/STM32CubeIDE_1.17.0/STM32CubeIDE/plugins/com.st.stm32cube.ide.mcu.externaltools.gnu-tools-for-stm32.13.3.rel1.win32_1.0.100.202509120712/tools/bin/../lib/gcc/arm-none-eabi/13.3.1/../../../../arm-none-eabi/lib/thumb/v7e-m+fp/hard\libc_nano.a(libc_a-reent.o)
 .ARM.attributes
                0x00000933       0x34 D:/STM32CubeIDE_1.17.0/STM32CubeIDE/plugins/com.st.stm32cube.ide.mcu.externaltools.gnu-tools-for-stm32.13.3.rel1.win32_1.0.100.202509120712/tools/bin/../lib/gcc/arm-none-eabi/13.3.1/../../../../arm-none-eabi/lib/thumb/v7e-m+fp/hard\libc_nano.a(libc_a-impure.o)
 .ARM.attributes
                0x00000967       0x34 D:/STM32CubeIDE_1.17.0/STM32CubeIDE/plugins/com.st.stm32cube.ide.mcu.externaltools.gnu-tools-for-stm32.13.3.rel1.win32_1.0.100.202509120712/tools/bin/../lib/gcc/arm-none-eabi/13.3.1/../../../../arm-none-eabi/lib/thumb/v7e-m+fp/hard\libc_nano.a(libc_a-lseekr.o)
 .ARM.attributes
                0x0000099b       0x34 D:/STM32CubeIDE_1.17.0/STM32CubeIDE/plugins/com.st.stm32cube.ide.mcu.externaltools.gnu-tools-for-stm32.13.3.rel1.win32_1.0.100.202509120712/tools/bin/../lib/gcc/arm-none-eabi/13.3.1/../../../../arm-none-eabi/lib/thumb/v7e-m+fp/hard\libc_nano.a(libc_a-readr.o)
 .ARM.attributes
                0x000009cf       0x34 D:/STM32CubeIDE_1.17.0/STM32CubeIDE/plugins/com.st.stm32cube.ide.mcu.externaltools.gnu-tools-for-stm32.13.3.rel1.win32_1.0.100.202509120712/tools/bin/../lib/gcc/arm-none-eabi/13.3.1/../../../../arm-none-eabi/lib/thumb/v7e-m+fp/hard\libc_nano.a(libc_a-sbrkr.o)
 .ARM.attributes
                0x00000a03       0x34 D:/STM32CubeIDE_1.17.0/STM32CubeIDE/plugins/com.st.stm32cube.ide.mcu.externaltools.gnu-tools-for-stm32.13.3.rel1.win32_1.0.100.202509120712/tools/bin/../lib/gcc/arm-none-eabi/13.3.1/../../../../arm-none-eabi/lib/thumb/v7e-m+fp/hard\libc_nano.a(libc_a-writer.o)
 .ARM.attributes
                0x00000a37       0x34 D:/STM32CubeIDE_1.17.0/STM32CubeIDE/plugins/com.st.stm32cube.ide.mcu.externaltools.gnu-tools-for-stm32.13.3.rel1.win32_1.0.100.202509120712/tools/bin/../lib/gcc/arm-none-eabi/13.3.1/../../../../arm-none-eabi/lib/thumb/v7e-m+fp/hard\libc_nano.a(libc_a-errno.o)
 .ARM.attributes
                0x00000a6b       0x34 D:/STM32CubeIDE_1.17.0/STM32CubeIDE/plugins/com.st.stm32cube.ide.mcu.externaltools.gnu-tools-for-stm32.13.3.rel1.win32_1.0.100.202509120712/tools/bin/../lib/gcc/arm-none-eabi/13.3.1/../../../../arm-none-eabi/lib/thumb/v7e-m+fp/hard\libc_nano.a(libc_a-init.o)
 .ARM.attributes
                0x00000a9f       0x34 D:/STM32CubeIDE_1.17.0/STM32CubeIDE/plugins/com.st.stm32cube.ide.mcu.externaltools.gnu-tools-for-stm32.13.3.rel1.win32_1.0.100.202509120712/tools/bin/../lib/gcc/arm-none-eabi/13.3.1/../../../../arm-none-eabi/lib/thumb/v7e-m+fp/hard\libc_nano.a(libc_a-lock.o)
 .ARM.attributes
                0x00000ad3       0x34 D:/STM32CubeIDE_1.17.0/STM32CubeIDE/plugins/com.st.stm32cube.ide.mcu.externaltools.gnu-tools-for-stm32.13.3.rel1.win32_1.0.100.202509120712/tools/bin/../lib/gcc/arm-none-eabi/13.3.1/../../../../arm-none-eabi/lib/thumb/v7e-m+fp/hard\libc_nano.a(libc_a-freer.o)
 .ARM.attributes
                0x00000b07       0x34 D:/STM32CubeIDE_1.17.0/STM32CubeIDE/plugins/com.st.stm32cube.ide.mcu.externaltools.gnu-tools-for-stm32.13.3.rel1.win32_1.0.100.202509120712/tools/bin/../lib/gcc/arm-none-eabi/13.3.1/../../../../arm-none-eabi/lib/thumb/v7e-m+fp/hard\libc_nano.a(libc_a-nano-vfprintf.o)
 .ARM.attributes
                0x00000b3b       0x34 D:/STM32CubeIDE_1.17.0/STM32CubeIDE/plugins/com.st.stm32cube.ide.mcu.externaltools.gnu-tools-for-stm32.13.3.rel1.win32_1.0.100.202509120712/tools/bin/../lib/gcc/arm-none-eabi/13.3.1/../../../../arm-none-eabi/lib/thumb/v7e-m+fp/hard\libc_nano.a(libc_a-nano-vfprintf_i.o)
 .ARM.attributes
                0x00000b6f       0x34 D:/STM32CubeIDE_1.17.0/STM32CubeIDE/plugins/com.st.stm32cube.ide.mcu.externaltools.gnu-tools-for-stm32.13.3.rel1.win32_1.0.100.202509120712/tools/bin/../lib/gcc/arm-none-eabi/13.3.1/../../../../arm-none-eabi/lib/thumb/v7e-m+fp/hard\libc_nano.a(libc_a-fflush.o)
 .ARM.attributes
                0x00000ba3       0x34 D:/STM32CubeIDE_1.17.0/STM32CubeIDE/plugins/com.st.stm32cube.ide.mcu.externaltools.gnu-tools-for-stm32.13.3.rel1.win32_1.0.100.202509120712/tools/bin/../lib/gcc/arm-none-eabi/13.3.1/../../../../arm-none-eabi/lib/thumb/v7e-m+fp/hard\libc_nano.a(libc_a-makebuf.o)
 .ARM.attributes
                0x00000bd7       0x34 D:/STM32CubeIDE_1.17.0/STM32CubeIDE/plugins/com.st.stm32cube.ide.mcu.externaltools.gnu-tools-for-stm32.13.3.rel1.win32_1.0.100.202509120712/tools/bin/../lib/gcc/arm-none-eabi/13.3.1/../../../../arm-none-eabi/lib/thumb/v7e-m+fp/hard\libc_nano.a(libc_a-fstatr.o)
 .ARM.attributes
                0x00000c0b       0x34 D:/STM32CubeIDE_1.17.0/STM32CubeIDE/plugins/com.st.stm32cube.ide.mcu.externaltools.gnu-tools-for-stm32.13.3.rel1.win32_1.0.100.202509120712/tools/bin/../lib/gcc/arm-none-eabi/13.3.1/../../../../arm-none-eabi/lib/thumb/v7e-m+fp/hard\libc_nano.a(libc_a-isattyr.o)
 .ARM.attributes
                0x00000c3f       0x1c D:/STM32CubeIDE_1.17.0/STM32CubeIDE/plugins/com.st.stm32cube.ide.mcu.externaltools.gnu-tools-for-stm32.13.3.rel1.win32_1.0.100.202509120712/tools/bin/../lib/gcc/arm-none-eabi/13.3.1/../../../../arm-none-eabi/lib/thumb/v7e-m+fp/hard\libc_nano.a(libc_a-memchr.o)
 .ARM.attributes
                0x00000c5b       0x22 D:/STM32CubeIDE_1.17.0/STM32CubeIDE/plugins/com.st.stm32cube.ide.mcu.externaltools.gnu-tools-for-stm32.13.3.rel1.win32_1.0.100.202509120712/tools/bin/../lib/gcc/arm-none-eabi/13.3.1/thumb/v7e-m+fp/hard/crtn.o
OUTPUT(SN_Keyboard_assistant.elf elf32-littlearm)
LOAD linker stubs
LOAD D:/STM32CubeIDE_1.17.0/STM32CubeIDE/plugins/com.st.stm32cube.ide.mcu.externaltools.gnu-tools-for-stm32.13.3.rel1.win32_1.0.100.202509120712/tools/bin/../lib/gcc/arm-none-eabi/13.3.1/../../../../arm-none-eabi/lib/thumb/v7e-m+fp/hard\libc.a
LOAD D:/STM32CubeIDE_1.17.0/STM32CubeIDE/plugins/com.st.stm32cube.ide.mcu.externaltools.gnu-tools-for-stm32.13.3.rel1.win32_1.0.100.202509120712/tools/bin/../lib/gcc/arm-none-eabi/13.3.1/../../../../arm-none-eabi/lib/thumb/v7e-m+fp/hard\libm.a
LOAD D:/STM32CubeIDE_1.17.0/STM32CubeIDE/plugins/com.st.stm32cube.ide.mcu.externaltools.gnu-tools-for-stm32.13.3.rel1.win32_1.0.100.202509120712/tools/bin/../lib/gcc/arm-none-eabi/13.3.1/thumb/v7e-m+fp/hard\libgcc.a

.debug_info     0x00000000    0x179c5
 .debug_info    0x00000000      0xa8c ./Core/Src/app.o
 .debug_info    0x00000a8c      0x64d ./Core/Src/button.o
 .debug_info    0x000010d9      0x24b ./Core/Src/chords.o
 .debug_info    0x00001324      0xa4a ./Core/Src/grove_lcd16x2_i2c.o
 .debug_info    0x00001d6e      0xace ./Core/Src/lesson.o
 .debug_info    0x0000283c     0x1a84 ./Core/Src/main.o
 .debug_info    0x000042c0      0x22a ./Core/Src/songs.o
 .debug_info    0x000044ea      0xcb6 ./Core/Src/stm32l4xx_hal_msp.o
 .debug_info    0x000051a0      0x744 ./Core/Src/stm32l4xx_it.o
 .debug_info    0x000058e4      0x6a3 ./Core/Src/syscalls.o
 .debug_info    0x00005f87      0x168 ./Core/Src/sysmem.o
 .debug_info    0x000060ef      0x5e2 ./Core/Src/system_stm32l4xx.o
 .debug_info    0x000066d1       0x30 ./Core/Startup/startup_stm32l476rgtx.o
 .debug_info    0x00006701      0xc4d ./Drivers/STM32L4xx_HAL_Driver/Src/stm32l4xx_hal.o
 .debug_info    0x0000734e      0xdad ./Drivers/STM32L4xx_HAL_Driver/Src/stm32l4xx_hal_cortex.o
 .debug_info    0x000080fb      0x79f ./Drivers/STM32L4xx_HAL_Driver/Src/stm32l4xx_hal_gpio.o
 .debug_info    0x0000889a     0x1201 ./Drivers/STM32L4xx_HAL_Driver/Src/stm32l4xx_hal_hcd.o
 .debug_info    0x00009a9b     0x20fc ./Drivers/STM32L4xx_HAL_Driver/Src/stm32l4xx_hal_i2c.o
 .debug_info    0x0000bb97      0x99f ./Drivers/STM32L4xx_HAL_Driver/Src/stm32l4xx_hal_i2c_ex.o
 .debug_info    0x0000c536      0x94a ./Drivers/STM32L4xx_HAL_Driver/Src/stm32l4xx_hal_pwr.o
 .debug_info    0x0000ce80      0x9ca ./Drivers/STM32L4xx_HAL_Driver/Src/stm32l4xx_hal_pwr_ex.o
 .debug_info    0x0000d84a      0xc45 ./Drivers/STM32L4xx_HAL_Driver/Src/stm32l4xx_hal_rcc.o
 .debug_info    0x0000e48f      0xe58 ./Drivers/STM32L4xx_HAL_Driver/Src/stm32l4xx_hal_rcc_ex.o
 .debug_info    0x0000f2e7     0x16e8 ./Drivers/STM32L4xx_HAL_Driver/Src/stm32l4xx_ll_usb.o
 .debug_info    0x000109cf      0xe42 ./Middlewares/ST/STM32_USB_Host_Library/Class/MIDI/Src/usbh_midi.o
 .debug_info    0x00011811      0xfe1 ./Middlewares/ST/STM32_USB_Host_Library/Core/Src/usbh_core.o
 .debug_info    0x000127f2      0xfdf ./Middlewares/ST/STM32_USB_Host_Library/Core/Src/usbh_ctlreq.o
 .debug_info    0x000137d1      0xc5a ./Middlewares/ST/STM32_USB_Host_Library/Core/Src/usbh_ioreq.o
 .debug_info    0x0001442b      0xabd ./Middlewares/ST/STM32_USB_Host_Library/Core/Src/usbh_pipes.o
 .debug_info    0x00014ee8      0xa3e ./USB_HOST/App/usb_host.o
 .debug_info    0x00015926     0x209f ./USB_HOST/Target/usbh_conf.o

.debug_abbrev   0x00000000     0x4435
 .debug_abbrev  0x00000000      0x24f ./Core/Src/app.o
 .debug_abbrev  0x0000024f      0x1f1 ./Core/Src/button.o
 .debug_abbrev  0x00000440       0xe3 ./Core/Src/chords.o
 .debug_abbrev  0x00000523      0x1f4 ./Core/Src/grove_lcd16x2_i2c.o
 .debug_abbrev  0x00000717      0x232 ./Core/Src/lesson.o
 .debug_abbrev  0x00000949      0x424 ./Core/Src/main.o
 .debug_abbrev  0x00000d6d       0xe5 ./Core/Src/songs.o
 .debug_abbrev  0x00000e52      0x1dc ./Core/Src/stm32l4xx_hal_msp.o
 .debug_abbrev  0x0000102e      0x1bb ./Core/Src/stm32l4xx_it.o
 .debug_abbrev  0x000011e9      0x1b6 ./Core/Src/syscalls.o
 .debug_abbrev  0x0000139f       0xbc ./Core/Src/sysmem.o
 .debug_abbrev  0x0000145b      0x117 ./Core/Src/system_stm32l4xx.o
 .debug_abbrev  0x00001572       0x24 ./Core/Startup/startup_stm32l476rgtx.o
 .debug_abbrev  0x00001596      0x243 ./Drivers/STM32L4xx_HAL_Driver/Src/stm32l4xx_hal.o
 .debug_abbrev  0x000017d9      0x31c ./Drivers/STM32L4xx_HAL_Driver/Src/stm32l4xx_hal_cortex.o